******************************************************************************
            TI ARM Clang Linker Unix v3.2.1                    
******************************************************************************
>> Linked Thu Jul 18 20:13:20 2024

OUTPUT FILE NAME:   <src.out>
ENTRY POINT SYMBOL: "_c_int00_noargs"  address: 00001f71


MEMORY CONFIGURATION

         name            origin    length      used     unused   attr    fill
----------------------  --------  ---------  --------  --------  ----  --------
  FLASH                 00000000   00020000  00002658  0001d9a8  R  X
  SRAM                  20200000   00008000  00000bdc  00007424  RW X
  BCR_CONFIG            41c00000   00000080  00000000  00000080  R   
  BSL_CONFIG            41c00100   00000080  00000000  00000080  R   


SEGMENT ALLOCATION MAP

run origin  load origin   length   init length attrs members
----------  ----------- ---------- ----------- ----- -------
00000000    00000000    00002658   00002658    r-x
  00000000    00000000    000000c0   000000c0    r-- .intvecs
  000000c0    000000c0    000022b8   000022b8    r-x .text
  00002378    00002378    00000008   00000008    r-- .init_array
  00002380    00002380    000002a0   000002a0    r-- .rodata
  00002620    00002620    00000038   00000038    r-- .cinit
20200000    20200000    000009dc   00000000    rw-
  20200000    20200000    00000800   00000000    rw- .sysmem
  20200800    20200800    0000011c   00000000    rw- .data
  2020091c    2020091c    000000c0   00000000    rw- .bss
20207e00    20207e00    00000200   00000000    rw-
  20207e00    20207e00    00000200   00000000    rw- .stack


SECTION ALLOCATION MAP

 output                                  attributes/
section   page    origin      length       input sections
--------  ----  ----------  ----------   ----------------
.intvecs   0    00000000    000000c0     
                  00000000    000000c0     startup_mspm0g350x_ticlang.o (.intvecs)

.binit     0    00000000    00000000     

.text      0    000000c0    000022b8     
                  000000c0    00000220     main.o (.text.main)
                  000002e0    0000016e     protocol.o (.text._ZN7modules22response_read_strategy15encode_responseERKNS_19response_parametersE)
                  0000044e    00000164     protocol.o (.text._ZN7modules23response_query_strategy15encode_responseERKNS_19response_parametersE)
                  000005b2    00000156     protocol.o (.text._ZNK7modules7request12compute_crc8Ev)
                  00000708    00000138     app.o (.text._ZN3app15process_requestERKN7modules7requestE)
                  00000840    00000110     driverlib.a : dl_timer.o (.text.DL_Timer_initPWMMode)
                  00000950    0000010a     protocol.o (.text._ZNK7modules8response12compute_crc8Ev)
                  00000a5a    00000002     startup_mspm0g350x_ticlang.o (.text.Default_Handler)
                  00000a5c    00000108     app.o (.text._ZN3appC2ERA2_N7modules14feeding_systemERNS0_18hall_effect_sensorILt30ELt30ELt85EEERN3HAL4UARTERNS0_14register_arrayILh40EEE)
                  00000b64    000000f4     protocol.o (.text._ZN7modules18request_code_state10parse_byteEh)
                  00000c58    000000ec     libc.a : memory.c.obj (.text.free)
                  00000d44    000000ea     driverlib.a : dl_timer.o (.text.DL_TimerA_initPWMMode)
                  00000e2e    00000002     command_base.o (.text._ZN5logic12command_baseD0Ev)
                  00000e30    000000e2     app.o (.text._ZN3app12plan_commandERKN7modules7requestE)
                  00000f12    000000d6     feeding_system.o (.text._ZN7modules14feeding_system4stepENS_15motor_directionEf)
                  00000fe8    000000d0     protocol.o (.text._ZN7modules25response_generic_strategy15encode_responseERKNS_19response_parametersE)
                  000010b8    000000cc     ti_msp_dl_config.o (.text.SYSCFG_DL_PWM_init)
                  00001184    000000a4     unload_from_nozzle_command.o (.text._ZN5logic26unload_from_nozzle_command4stepEv)
                  00001228    0000009a     libc.a : memcpy16.S.obj (.text:memcpy)
                  000012c2    00000002     command_base.o (.text._ZN5logic12command_baseD2Ev)
                  000012c4    0000007c     load_filament_command.o (.text._ZN5logic21load_filament_command4stepEv)
                  00001340    00000078     load_filament_command.o (.text._ZN5logic21load_filament_command18handle_load_to_hubERN7modules14feeding_systemE)
                  000013b8    00000078     libc.a : copy_decompress_lzss.c.obj (.text:decompress:lzss)
                  00001430    00000070     ti_msp_dl_config.o (.text.SYSCFG_DL_UART_PRINTER_init)
                  000014a0    00000068     ti_msp_dl_config.o (.text.SYSCFG_DL_GPIO_init)
                  00001508    00000062     app.o (.text._ZN3app22report_running_commandEv)
                  0000156a    00000002     concrete_command_base.o (.text._ZN5logic21concrete_command_baseD0Ev)
                  0000156c    00000062     libclang_rt.builtins.a : aeabi_fcmp.S.obj (.text.__aeabi_fcmp)
                  000015ce    0000005c     feeding_system.o (.text._ZN7modules14feeding_system12has_filamentEv)
                  0000162a    00000058     tool_change_command.o (.text._ZN5logic19tool_change_command4stepEv)
                  00001682    00000002     protocol.o (.text._ZN7modules23request_automaton_stateD2Ev)
                  00001684    00000058     load_to_nozzle_command.o (.text._ZN5logic22load_to_nozzle_command4stepEv)
                  000016dc    00000058     protocol.o (.text._ZN7modules17request_crc_state10parse_byteEh)
                  00001734    00000054     ti_msp_dl_config.o (.text.SYSCFG_DL_ADC_init)
                  00001788    00000054     libc.a : autoinit.c.obj (.text:__TI_auto_init_nobinit)
                  000017dc    00000050     app.o (.text._ZN3app4stepEv)
                  0000182c    0000004c     driverlib.a : dl_adc12.o (.text.DL_ADC12_setClockConfig)
                  00001878    0000004c                 : dl_uart.o (.text.DL_UART_init)
                  000018c4    0000004c     protocol.o (.text._ZN7modules19request_value_state10parse_byteEh)
                  00001910    0000004c     protocol.o (.text._ZN7modules21request_address_state10parse_byteEh)
                  0000195c    0000004c     protocol.o (.text._ZN7modules25request_write_value_state10parse_byteEh)
                  000019a8    00000048     ti_msp_dl_config.o (.text.SYSCFG_DL_initPower)
                  000019f0    00000048     uart.o (.text._ZN3HAL4UART5writeEPKhh)
                  00001a38    00000048     pins.o (.text._ZN3HAL7pwm_pin14set_duty_cycleEf)
                  00001a80    00000044     eject_filament_command.o (.text._ZN5logic22eject_filament_command4stepEv)
                  00001ac4    00000040     driverlib.a : dl_timer.o (.text.DL_Timer_setCaptureCompareOutCtl)
                  00001b04    00000040     libclang_rt.builtins.a : aeabi_uidivmod.S.obj (.text.__aeabi_uidivmod)
                  00001b44    0000003c     driverlib.a : dl_timer.o (.text.DL_Timer_setCaptureCompareCtl)
                  00001b80    0000003c     libclang_rt.builtins.a : comparesf2.S.obj (.text.__gtsf2)
                  00001bbc    0000003a                            : comparesf2.S.obj (.text.__eqsf2)
                  00001bf6    00000002                            : aeabi_div0.c.obj (.text.__aeabi_idiv0)
                  00001bf8    00000038                            : fixsfsi.S.obj (.text.__fixsfsi)
                  00001c30    00000034     driverlib.a : dl_timer.o (.text.DL_Timer_setCaptCompUpdateMethod)
                  00001c64    00000034                 : dl_timer.o (.text.DL_Timer_setCaptureCompareAction)
                  00001c98    00000034                 : dl_timer.o (.text.DL_Timer_setCaptureCompareInput)
                  00001ccc    00000034                 : dl_timer.o (.text.DL_Timer_setClockConfig)
                  00001d00    00000032     unload_from_nozzle_command.o (.text._ZN5logic26unload_from_nozzle_command12reset_helperEh)
                  00001d32    00000002     libc.a : _lock.c.obj (.text._nop)
                  00001d34    00000032     libclang_rt.builtins.a : fixunssfsi.S.obj (.text.__fixunssfsi)
                  00001d66    00000002     --HOLE-- [fill = 0]
                  00001d68    00000030     ti_msp_dl_config.o (.text.SYSCFG_DL_SYSCTL_init)
                  00001d98    00000030     ti_msp_dl_config.o (.text.SYSCFG_DL_SYSTICK_init)
                  00001dc8    00000030     dc_motor.o (.text._ZN7modules8dc_motor5startENS_15motor_directionEf)
                  00001df8    0000002c     driverlib.a : dl_timer.o (.text.DL_Timer_setCaptureCompareValue)
                  00001e24    0000002c     ti_msp_dl_config.o (.text.SYSCFG_DL_init)
                  00001e50    0000002c     load_filament_command.o (.text._ZN5logic21load_filament_command12reset_helperEh)
                  00001e7c    0000002a     load_to_nozzle_command.o (.text._ZN5logic22load_to_nozzle_command12reset_helperEh)
                  00001ea6    00000028     driverlib.a : dl_adc12.o (.text.DL_Common_updateReg)
                  00001ece    00000028                 : dl_timer.o (.text.DL_Common_updateReg)
                  00001ef6    00000028                 : dl_uart.o (.text.DL_Common_updateReg)
                  00001f1e    00000002     --HOLE-- [fill = 0]
                  00001f20    00000028     pins.o (.text._ZNK3HAL7adc_pin4readEv)
                  00001f48    00000028     libc.a : memory.c.obj (.text.free_list_insert)
                  00001f70    00000028            : boot_cortex_m.c.obj (.text:_c_int00_noargs)
                  00001f98    00000026     uart.o (.text._ZN3HAL4UART9read_byteEv)
                  00001fbe    00000026     eject_filament_command.o (.text._ZN5logic22eject_filament_command12reset_helperEh)
                  00001fe4    00000024     driverlib.a : dl_uart.o (.text.DL_UART_setClockConfig)
                  00002008    00000022     uart.o (.text._ZN3HAL4UARTC2Ev)
                  0000202a    00000002     --HOLE-- [fill = 0]
                  0000202c    00000020     driverlib.a : dl_timer.o (.text.DL_Timer_setCounterValueAfterEnable)
                  0000204c    00000020     tool_change_command.o (.text._ZN5logic19tool_change_commandC2ERNS_26unload_from_nozzle_commandERNS_22load_to_nozzle_commandE)
                  0000206c    00000020     concrete_command_base.o (.text._ZN5logic21concrete_command_baseC2ERA2_N7modules14feeding_systemERNS1_18hall_effect_sensorILt30ELt30ELt85EEERNS1_14register_arrayILh40EEE)
                  0000208c    0000001c     pins.o (.text._ZN3HAL8gpio_pin5writeENS_14gpio_pin_stateE)
                  000020a8    0000001c     command_base.o (.text._ZN5logic12command_base16check_tool_indexEh)
                  000020c4    0000001c     libc.a : memory.c.obj (.text.free_list_remove)
                  000020e0    0000001a     protocol.o (.text._ZN7modules19request_error_state10parse_byteEh)
                  000020fa    00000002     --HOLE-- [fill = 0]
                  000020fc    00000018     driverlib.a : dl_timer.o (.text.DL_Timer_setLoadValue)
                  00002114    00000018     command_base.o (.text._ZN5logic12command_base5resetEh)
                  0000212c    00000018     load_filament_command.o (.text._ZN5logic21load_filament_commandC2ERA2_N7modules14feeding_systemERNS1_18hall_effect_sensorILt30ELt30ELt85EEERNS1_14register_arrayILh40EEE)
                  00002144    00000018     load_to_nozzle_command.o (.text._ZN5logic22load_to_nozzle_commandC2ERA2_N7modules14feeding_systemERNS1_18hall_effect_sensorILt30ELt30ELt85EEERNS1_14register_arrayILh40EEE)
                  0000215c    00000018     unload_from_nozzle_command.o (.text._ZN5logic26unload_from_nozzle_commandC2ERA2_N7modules14feeding_systemERNS1_18hall_effect_sensorILt30ELt30ELt85EEERNS1_14register_arrayILh40EEE)
                  00002174    00000016     driverlib.a : dl_uart.o (.text.DL_UART_disable)
                  0000218a    00000016     libc.a : copy_zero_init.c.obj (.text:decompress:ZI:__TI_zero_init_nomemset)
                  000021a0    00000014     driverlib.a : dl_common.o (.text.DL_Common_delayCycles)
                  000021b4    00000014     no_command.o (.text._ZN5logic10no_commandC2Ev)
                  000021c8    00000014     command_base.o (.text._ZN5logic12command_baseC2Ev)
                  000021dc    00000014     eject_filament_command.o (.text._ZN5logic22eject_filament_commandC2ERA2_N7modules14feeding_systemERNS1_18hall_effect_sensorILt30ELt30ELt85EEERNS1_14register_arrayILh40EEE)
                  000021f0    00000012     tool_change_command.o (.text._ZN5logic19tool_change_command12reset_helperEh)
                  00002202    00000012     libc.a : copy_decompress_none.c.obj (.text:decompress:none)
                  00002214    00000010     main.o (.text._GLOBAL__sub_I_main.cpp)
                  00002224    0000000e     libc.a : memory.c.obj (.text.OUTLINED_FUNCTION_0)
                  00002232    0000000e     registers.o (.text._ZN7modules14register_arrayILh40EEC2Ev)
                  00002240    0000000e     dc_motor.o (.text._ZN7modules8dc_motorC2ERN3HAL7pwm_pinERNS1_8gpio_pinES5_S5_)
                  0000224e    00000002     --HOLE-- [fill = 0]
                  00002250    0000000c     hal_time.o (.text._ZN3HAL7GetTimeEv)
                  0000225c    0000000c     dc_motor.o (.text._ZN7modules8dc_motor4stopEv)
                  00002268    0000000c     protocol.o (.text._ZN7modules8protocol10parse_byteEh)
                  00002274    0000000c     protocol.o (.text._ZN7modules8protocol15encode_responseERKNS_19response_parametersE)
                  00002280    0000000c     protocol.o (.text._ZNK7modules8protocol11get_requestEv)
                  0000228c    0000000c     libc++abi.a : cxa_virtual.cpp.obj (.text.__cxa_pure_virtual)
                  00002298    0000000a     uart.o (.text._ZN3HAL4UART12is_availableEv)
                  000022a2    0000000a     pins.o (.text._ZN3HAL7pwm_pinC2EP12GPTIMER_Regs17DL_TIMER_CC_INDEX)
                  000022ac    0000000a     command_base.o (.text._ZN5logic12command_base11finished_okEv)
                  000022b6    0000000a     feeding_system.o (.text._ZN7modules14feeding_systemC2ERNS_8dc_motorERNS_18hall_effect_sensorILt200ELt0ELt30EEERNS3_ILt20ELt55ELt150EEE)
                  000022c0    00000008     pins.o (.text._ZN3HAL8gpio_pinC2EP9GPIO_Regsj)
                  000022c8    00000008     no_command.o (.text._ZN5logic10no_commandD0Ev)
                  000022d0    00000008     tool_change_command.o (.text._ZN5logic19tool_change_commandD0Ev)
                  000022d8    00000008     load_filament_command.o (.text._ZN5logic21load_filament_commandD0Ev)
                  000022e0    00000008     eject_filament_command.o (.text._ZN5logic22eject_filament_commandD0Ev)
                  000022e8    00000008     load_to_nozzle_command.o (.text._ZN5logic22load_to_nozzle_commandD0Ev)
                  000022f0    00000008     unload_from_nozzle_command.o (.text._ZN5logic26unload_from_nozzle_commandD0Ev)
                  000022f8    00000008     registers.o (.text._ZN7modules14register_arrayILh40EE4readENS_16register_addressE)
                  00002300    00000008     registers.o (.text._ZN7modules14register_arrayILh40EE5writeENS_16register_addressEt)
                  00002308    00000008     protocol.o (.text._ZN7modules17request_crc_stateD0Ev)
                  00002310    00000008     protocol.o (.text._ZN7modules18request_code_stateD0Ev)
                  00002318    00000008     protocol.o (.text._ZN7modules19request_error_stateD0Ev)
                  00002320    00000008     protocol.o (.text._ZN7modules19request_value_stateD0Ev)
                  00002328    00000008     protocol.o (.text._ZN7modules21request_address_stateD0Ev)
                  00002330    00000008     protocol.o (.text._ZN7modules25request_write_value_stateD0Ev)
                  00002338    00000008     libc++abi.a : stdlib_new_delete.cpp.obj (.text._ZdlPv)
                  00002340    00000008     libclang_rt.builtins.a : aeabi_memcpy.S.obj (.text.__aeabi_memcpy)
                  00002348    00000006     pins.o (.text._ZN3HAL7adc_pinC2EP10ADC12_Regs16DL_ADC12_MEM_IDX)
                  0000234e    00000004     startup_mspm0g350x_ticlang.o (.text.Reset_Handler)
                  00002352    00000004     no_command.o (.text._ZN5logic10no_command12reset_helperEh)
                  00002356    00000004     no_command.o (.text._ZN5logic10no_command4stepEv)
                  0000235a    00000004     feeding_system.o (.text._ZN7modules14feeding_system21set_filament_positionENS_17filament_positionE)
                  0000235e    00000004     command_base.o (.text._ZNK5logic12command_base9get_errorEv)
                  00002362    00000004     command_base.o (.text._ZNK5logic12command_base9get_stateEv)
                  00002366    00000004     libc.a : pre_init.c.obj (.text._system_pre_init)
                  0000236a    00000004     libc++abi.a : abort_message.cpp.obj (.text.abort_message)
                  0000236e    00000004     libc.a : exit.c.obj (.text:abort)
                  00002372    00000006     --HOLE-- [fill = 0]

.cinit     0    00002620    00000038     
                  00002620    0000000d     (.cinit..data.load) [load image, compression = lzss]
                  0000262d    00000003     --HOLE-- [fill = 0]
                  00002630    0000000c     (__TI_handler_table)
                  0000263c    00000008     (.cinit..bss.load) [load image, compression = zero_init]
                  00002644    00000010     (__TI_cinit_table)
                  00002654    00000004     --HOLE-- [fill = 0]

.rodata    0    00002380    000002a0     
                  00002380    00000101     libc.a : aeabi_ctype.S.obj (.rodata:__aeabi_ctype_table_)
                  00002481    0000001e     libc++abi.a : cxa_virtual.cpp.obj (.rodata.str1.61376846788993650641)
                  0000249f    00000001     --HOLE-- [fill = 0]
                  000024a0    00000018     no_command.o (.rodata._ZTVN5logic10no_commandE)
                  000024b8    00000018     command_base.o (.rodata._ZTVN5logic12command_baseE)
                  000024d0    00000018     tool_change_command.o (.rodata._ZTVN5logic19tool_change_commandE)
                  000024e8    00000018     concrete_command_base.o (.rodata._ZTVN5logic21concrete_command_baseE)
                  00002500    00000018     load_filament_command.o (.rodata._ZTVN5logic21load_filament_commandE)
                  00002518    00000018     eject_filament_command.o (.rodata._ZTVN5logic22eject_filament_commandE)
                  00002530    00000018     load_to_nozzle_command.o (.rodata._ZTVN5logic22load_to_nozzle_commandE)
                  00002548    00000018     unload_from_nozzle_command.o (.rodata._ZTVN5logic26unload_from_nozzle_commandE)
                  00002560    00000014     protocol.o (.rodata._ZTVN7modules17request_crc_stateE)
                  00002574    00000014     protocol.o (.rodata._ZTVN7modules18request_code_stateE)
                  00002588    00000014     protocol.o (.rodata._ZTVN7modules19request_error_stateE)
                  0000259c    00000014     protocol.o (.rodata._ZTVN7modules19request_value_stateE)
                  000025b0    00000014     protocol.o (.rodata._ZTVN7modules21request_address_stateE)
                  000025c4    00000014     protocol.o (.rodata._ZTVN7modules25request_write_value_stateE)
                  000025d8    0000000c     protocol.o (.rodata._ZTVN7modules22response_read_strategyE)
                  000025e4    0000000c     protocol.o (.rodata._ZTVN7modules23response_query_strategyE)
                  000025f0    0000000c     protocol.o (.rodata._ZTVN7modules25response_generic_strategyE)
                  000025fc    0000000a     ti_msp_dl_config.o (.rodata.gUART_PRINTERConfig)
                  00002606    00000002     ti_msp_dl_config.o (.rodata.gUART_PRINTERClockConfig)
                  00002608    00000008     ti_msp_dl_config.o (.rodata.gADCClockConfig)
                  00002610    00000008     ti_msp_dl_config.o (.rodata.gPWMConfig)
                  00002618    00000003     ti_msp_dl_config.o (.rodata.gPWMClockConfig)
                  0000261b    00000005     --HOLE-- [fill = 0]

.init_array 
*          0    00002378    00000008     
                  00002378    00000004     main.o (.init_array)
                  0000237c    00000004     --HOLE-- [fill = 0]

.sysmem    0    20200000    00000800     UNINITIALIZED
                  20200000    00000010     libc.a : memory.c.obj (.sysmem)
                  20200010    000007f0     --HOLE--

.data      0    20200800    0000011c     UNINITIALIZED
                  20200800    00000110     main.o (.data._printer_UART)
                  20200910    00000004     hal_time.o (.data._ZN3HAL14current_millisE)
                  20200914    00000004     libc.a : _lock.c.obj (.data._lock)
                  20200918    00000004            : _lock.c.obj (.data._unlock)

.bss       0    2020091c    000000c0     UNINITIALIZED
                  2020091c    000000bc     (.common:gPWMBackup)
                  202009d8    00000004     libc.a : memory.c.obj (.bss.sys_free)

.stack     0    20207e00    00000200     UNINITIALIZED
                  20207e00    00000004     libc.a : boot_cortex_m.c.obj (.stack)
                  20207e04    000001fc     --HOLE--

__llvm_prf_cnts 
*          0    20200000    00000000     UNINITIALIZED

__llvm_prf_bits 
*          0    20200000    00000000     UNINITIALIZED

MODULE SUMMARY

       Module                         code   ro data   rw data
       ------                         ----   -------   -------
    ./
       protocol.o                     2210   156       0      
       app.o                          980    0         0      
       ti_msp_dl_config.o             716    31        188    
       main.o                         560    4         272    
       load_filament_command.o        320    24        0      
       feeding_system.o               320    0         0      
       unload_from_nozzle_command.o   246    24        0      
       startup_mspm0g350x_ticlang.o   6      192       0      
       load_to_nozzle_command.o       162    24        0      
       tool_change_command.o          146    24        0      
       pins.o                         164    0         0      
       eject_filament_command.o       134    24        0      
       uart.o                         154    0         0      
       command_base.o                 94     24        0      
       dc_motor.o                     74     0         0      
       no_command.o                   36     24        0      
       concrete_command_base.o        34     24        0      
       registers.o                    30     0         0      
       hal_time.o                     12     0         4      
    +--+------------------------------+------+---------+---------+
       Total:                         6398   575       464    
                                                              
    /home/jenda/ti/ccstheia131/ccs/tools/compiler/ti-cgt-armllvm_3.2.1.LTS/lib/armv6m-ti-none-eabi/c/libc.a
       memory.c.obj                   318    0         4      
       aeabi_ctype.S.obj              0      257       0      
       memcpy16.S.obj                 154    0         0      
       copy_decompress_lzss.c.obj     120    0         0      
       autoinit.c.obj                 84     0         0      
       boot_cortex_m.c.obj            40     0         0      
       copy_zero_init.c.obj           22     0         0      
       copy_decompress_none.c.obj     18     0         0      
       _lock.c.obj                    2      0         8      
       exit.c.obj                     4      0         0      
       pre_init.c.obj                 4      0         0      
    +--+------------------------------+------+---------+---------+
       Total:                         766    257       12     
                                                              
    /home/jenda/ti/ccstheia131/ccs/tools/compiler/ti-cgt-armllvm_3.2.1.LTS/lib/armv6m-ti-none-eabi/libc++abi.a
       cxa_virtual.cpp.obj            12     30        0      
       stdlib_new_delete.cpp.obj      8      0         0      
       abort_message.cpp.obj          4      0         0      
    +--+------------------------------+------+---------+---------+
       Total:                         24     30        0      
                                                              
    /home/jenda/ti/ccstheia131/ccs/tools/compiler/ti-cgt-armllvm_3.2.1.LTS/lib/clang/15.0.7/lib/armv6m-ti-none-eabi/libclang_rt.builtins.a
       comparesf2.S.obj               118    0         0      
       aeabi_fcmp.S.obj               98     0         0      
       aeabi_uidivmod.S.obj           64     0         0      
       fixsfsi.S.obj                  56     0         0      
       fixunssfsi.S.obj               50     0         0      
       aeabi_memcpy.S.obj             8      0         0      
       aeabi_div0.c.obj               2      0         0      
    +--+------------------------------+------+---------+---------+
       Total:                         396    0         0      
                                                              
    /home/jenda/ti/mspm0_sdk_2_00_01_00/source/ti/driverlib/lib/ticlang/m0p/mspm0g1x0x_g3x0x/driverlib.a
       dl_timer.o                     978    0         0      
       dl_uart.o                      174    0         0      
       dl_adc12.o                     116    0         0      
       dl_common.o                    20     0         0      
    +--+------------------------------+------+---------+---------+
       Total:                         1288   0         0      
                                                              
       Heap:                          0      0         2048   
       Stack:                         0      0         512    
       Linker Generated:              0      49        0      
    +--+------------------------------+------+---------+---------+
       Grand Total:                   8872   911       3036   


LINKER GENERATED COPY TABLES

__TI_cinit_table @ 00002644 records: 2, size/record: 8, table size: 16
	.data: load addr=00002620, load size=0000000d bytes, run addr=20200800, run size=0000011c bytes, compression=lzss
	.bss: load addr=0000263c, load size=00000008 bytes, run addr=2020091c, run size=000000c0 bytes, compression=zero_init


LINKER GENERATED HANDLER TABLE

__TI_handler_table @ 00002630 records: 3, size/record: 4, table size: 12
	index: 0, handler: __TI_decompress_lzss
	index: 1, handler: __TI_decompress_none
	index: 2, handler: __TI_zero_init


GLOBAL SYMBOLS: SORTED ALPHABETICALLY BY Name 

address   name                                                                                                                                          
-------   ----                                                                                                                                          
00000a5b  ADC0_IRQHandler                                                                                                                               
00000a5b  ADC1_IRQHandler                                                                                                                               
00000a5b  AES_IRQHandler                                                                                                                                
0000236e  C$$EXIT                                                                                                                                       
00000a5b  CANFD0_IRQHandler                                                                                                                             
00000a5b  DAC0_IRQHandler                                                                                                                               
0000182d  DL_ADC12_setClockConfig                                                                                                                       
000021a1  DL_Common_delayCycles                                                                                                                         
00000d45  DL_TimerA_initPWMMode                                                                                                                         
00000841  DL_Timer_initPWMMode                                                                                                                          
00001c31  DL_Timer_setCaptCompUpdateMethod                                                                                                              
00001c65  DL_Timer_setCaptureCompareAction                                                                                                              
00001b45  DL_Timer_setCaptureCompareCtl                                                                                                                 
00001c99  DL_Timer_setCaptureCompareInput                                                                                                               
00001ac5  DL_Timer_setCaptureCompareOutCtl                                                                                                              
00001df9  DL_Timer_setCaptureCompareValue                                                                                                               
00001ccd  DL_Timer_setClockConfig                                                                                                                       
00001879  DL_UART_init                                                                                                                                  
00001fe5  DL_UART_setClockConfig                                                                                                                        
00000a5b  DMA_IRQHandler                                                                                                                                
00000a5b  Default_Handler                                                                                                                               
00000a5b  GROUP0_IRQHandler                                                                                                                             
00000a5b  GROUP1_IRQHandler                                                                                                                             
00000a5b  HardFault_Handler                                                                                                                             
00000a5b  I2C0_IRQHandler                                                                                                                               
00000a5b  I2C1_IRQHandler                                                                                                                               
00000a5b  NMI_Handler                                                                                                                                   
00000a5b  PendSV_Handler                                                                                                                                
00000a5b  RTC_IRQHandler                                                                                                                                
0000234f  Reset_Handler                                                                                                                                 
00002378  SHT$$INIT_ARRAY$$Base                                                                                                                         
0000237c  SHT$$INIT_ARRAY$$Limit                                                                                                                        
00000a5b  SPI0_IRQHandler                                                                                                                               
00000a5b  SPI1_IRQHandler                                                                                                                               
00000a5b  SVC_Handler                                                                                                                                   
00001735  SYSCFG_DL_ADC_init                                                                                                                            
000014a1  SYSCFG_DL_GPIO_init                                                                                                                           
000010b9  SYSCFG_DL_PWM_init                                                                                                                            
00001d69  SYSCFG_DL_SYSCTL_init                                                                                                                         
00001d99  SYSCFG_DL_SYSTICK_init                                                                                                                        
00001431  SYSCFG_DL_UART_PRINTER_init                                                                                                                   
00001e25  SYSCFG_DL_init                                                                                                                                
000019a9  SYSCFG_DL_initPower                                                                                                                           
00000a5b  SysTick_Handler                                                                                                                               
00000a5b  TIMA0_IRQHandler                                                                                                                              
00000a5b  TIMA1_IRQHandler                                                                                                                              
00000a5b  TIMG0_IRQHandler                                                                                                                              
00000a5b  TIMG12_IRQHandler                                                                                                                             
00000a5b  TIMG6_IRQHandler                                                                                                                              
00000a5b  TIMG7_IRQHandler                                                                                                                              
00000a5b  TIMG8_IRQHandler                                                                                                                              
00000a5b  UART0_IRQHandler                                                                                                                              
00000a5b  UART1_IRQHandler                                                                                                                              
00000a5b  UART2_IRQHandler                                                                                                                              
00000a5b  UART3_IRQHandler                                                                                                                              
20200910  _ZN3HAL14current_millisE                                                                                                                      
00002299  _ZN3HAL4UART12is_availableEv                                                                                                                  
000019f1  _ZN3HAL4UART5writeEPKhh                                                                                                                       
00001f99  _ZN3HAL4UART9read_byteEv                                                                                                                      
00002009  _ZN3HAL4UARTC1Ev                                                                                                                              
00002009  _ZN3HAL4UARTC2Ev                                                                                                                              
00002251  _ZN3HAL7GetTimeEv                                                                                                                             
00002349  _ZN3HAL7adc_pinC1EP10ADC12_Regs16DL_ADC12_MEM_IDX                                                                                             
00002349  _ZN3HAL7adc_pinC2EP10ADC12_Regs16DL_ADC12_MEM_IDX                                                                                             
00001a39  _ZN3HAL7pwm_pin14set_duty_cycleEf                                                                                                             
000022a3  _ZN3HAL7pwm_pinC1EP12GPTIMER_Regs17DL_TIMER_CC_INDEX                                                                                          
000022a3  _ZN3HAL7pwm_pinC2EP12GPTIMER_Regs17DL_TIMER_CC_INDEX                                                                                          
0000208d  _ZN3HAL8gpio_pin5writeENS_14gpio_pin_stateE                                                                                                   
000022c1  _ZN3HAL8gpio_pinC1EP9GPIO_Regsj                                                                                                               
000022c1  _ZN3HAL8gpio_pinC2EP9GPIO_Regsj                                                                                                               
00000e31  _ZN3app12plan_commandERKN7modules7requestE                                                                                                    
00000709  _ZN3app15process_requestERKN7modules7requestE                                                                                                 
00001509  _ZN3app22report_running_commandEv                                                                                                             
000017dd  _ZN3app4stepEv                                                                                                                                
00000a5d  _ZN3appC1ERA2_N7modules14feeding_systemERNS0_18hall_effect_sensorILt30ELt30ELt85EEERN3HAL4UARTERNS0_14register_arrayILh40EEE                  
00000a5d  _ZN3appC2ERA2_N7modules14feeding_systemERNS0_18hall_effect_sensorILt30ELt30ELt85EEERN3HAL4UARTERNS0_14register_arrayILh40EEE                  
00002353  _ZN5logic10no_command12reset_helperEh                                                                                                         
00002357  _ZN5logic10no_command4stepEv                                                                                                                  
000021b5  _ZN5logic10no_commandC1Ev                                                                                                                     
000021b5  _ZN5logic10no_commandC2Ev                                                                                                                     
000022c9  _ZN5logic10no_commandD0Ev                                                                                                                     
000022ad  _ZN5logic12command_base11finished_okEv                                                                                                        
000020a9  _ZN5logic12command_base16check_tool_indexEh                                                                                                   
00002115  _ZN5logic12command_base5resetEh                                                                                                               
000021c9  _ZN5logic12command_baseC2Ev                                                                                                                   
00000e2f  _ZN5logic12command_baseD0Ev                                                                                                                   
000012c3  _ZN5logic12command_baseD2Ev                                                                                                                   
000021f1  _ZN5logic19tool_change_command12reset_helperEh                                                                                                
0000162b  _ZN5logic19tool_change_command4stepEv                                                                                                         
0000204d  _ZN5logic19tool_change_commandC1ERNS_26unload_from_nozzle_commandERNS_22load_to_nozzle_commandE                                               
0000204d  _ZN5logic19tool_change_commandC2ERNS_26unload_from_nozzle_commandERNS_22load_to_nozzle_commandE                                               
000022d1  _ZN5logic19tool_change_commandD0Ev                                                                                                            
0000206d  _ZN5logic21concrete_command_baseC2ERA2_N7modules14feeding_systemERNS1_18hall_effect_sensorILt30ELt30ELt85EEERNS1_14register_arrayILh40EEE     
0000156b  _ZN5logic21concrete_command_baseD0Ev                                                                                                          
00001e51  _ZN5logic21load_filament_command12reset_helperEh                                                                                              
00001341  _ZN5logic21load_filament_command18handle_load_to_hubERN7modules14feeding_systemE                                                              
000012c5  _ZN5logic21load_filament_command4stepEv                                                                                                       
0000212d  _ZN5logic21load_filament_commandC1ERA2_N7modules14feeding_systemERNS1_18hall_effect_sensorILt30ELt30ELt85EEERNS1_14register_arrayILh40EEE     
0000212d  _ZN5logic21load_filament_commandC2ERA2_N7modules14feeding_systemERNS1_18hall_effect_sensorILt30ELt30ELt85EEERNS1_14register_arrayILh40EEE     
000022d9  _ZN5logic21load_filament_commandD0Ev                                                                                                          
00001fbf  _ZN5logic22eject_filament_command12reset_helperEh                                                                                             
00001a81  _ZN5logic22eject_filament_command4stepEv                                                                                                      
000021dd  _ZN5logic22eject_filament_commandC1ERA2_N7modules14feeding_systemERNS1_18hall_effect_sensorILt30ELt30ELt85EEERNS1_14register_arrayILh40EEE    
000021dd  _ZN5logic22eject_filament_commandC2ERA2_N7modules14feeding_systemERNS1_18hall_effect_sensorILt30ELt30ELt85EEERNS1_14register_arrayILh40EEE    
000022e1  _ZN5logic22eject_filament_commandD0Ev                                                                                                         
00001e7d  _ZN5logic22load_to_nozzle_command12reset_helperEh                                                                                             
00001685  _ZN5logic22load_to_nozzle_command4stepEv                                                                                                      
00002145  _ZN5logic22load_to_nozzle_commandC1ERA2_N7modules14feeding_systemERNS1_18hall_effect_sensorILt30ELt30ELt85EEERNS1_14register_arrayILh40EEE    
00002145  _ZN5logic22load_to_nozzle_commandC2ERA2_N7modules14feeding_systemERNS1_18hall_effect_sensorILt30ELt30ELt85EEERNS1_14register_arrayILh40EEE    
000022e9  _ZN5logic22load_to_nozzle_commandD0Ev                                                                                                         
00001d01  _ZN5logic26unload_from_nozzle_command12reset_helperEh                                                                                         
00001185  _ZN5logic26unload_from_nozzle_command4stepEv                                                                                                  
0000215d  _ZN5logic26unload_from_nozzle_commandC1ERA2_N7modules14feeding_systemERNS1_18hall_effect_sensorILt30ELt30ELt85EEERNS1_14register_arrayILh40EEE
0000215d  _ZN5logic26unload_from_nozzle_commandC2ERA2_N7modules14feeding_systemERNS1_18hall_effect_sensorILt30ELt30ELt85EEERNS1_14register_arrayILh40EEE
000022f1  _ZN5logic26unload_from_nozzle_commandD0Ev                                                                                                     
000015cf  _ZN7modules14feeding_system12has_filamentEv                                                                                                   
0000235b  _ZN7modules14feeding_system21set_filament_positionENS_17filament_positionE                                                                    
00000f13  _ZN7modules14feeding_system4stepENS_15motor_directionEf                                                                                       
000022b7  _ZN7modules14feeding_systemC1ERNS_8dc_motorERNS_18hall_effect_sensorILt200ELt0ELt30EEERNS3_ILt20ELt55ELt150EEE                                
000022b7  _ZN7modules14feeding_systemC2ERNS_8dc_motorERNS_18hall_effect_sensorILt200ELt0ELt30EEERNS3_ILt20ELt55ELt150EEE                                
000022f9  _ZN7modules14register_arrayILh40EE4readENS_16register_addressE                                                                                
00002301  _ZN7modules14register_arrayILh40EE5writeENS_16register_addressEt                                                                              
00002233  _ZN7modules14register_arrayILh40EEC1Ev                                                                                                        
00002233  _ZN7modules14register_arrayILh40EEC2Ev                                                                                                        
000016dd  _ZN7modules17request_crc_state10parse_byteEh                                                                                                  
00002309  _ZN7modules17request_crc_stateD0Ev                                                                                                            
00000b65  _ZN7modules18request_code_state10parse_byteEh                                                                                                 
00002311  _ZN7modules18request_code_stateD0Ev                                                                                                           
000020e1  _ZN7modules19request_error_state10parse_byteEh                                                                                                
00002319  _ZN7modules19request_error_stateD0Ev                                                                                                          
000018c5  _ZN7modules19request_value_state10parse_byteEh                                                                                                
00002321  _ZN7modules19request_value_stateD0Ev                                                                                                          
00001911  _ZN7modules21request_address_state10parse_byteEh                                                                                              
00002329  _ZN7modules21request_address_stateD0Ev                                                                                                        
000002e1  _ZN7modules22response_read_strategy15encode_responseERKNS_19response_parametersE                                                              
00001683  _ZN7modules23request_automaton_stateD2Ev                                                                                                      
0000044f  _ZN7modules23response_query_strategy15encode_responseERKNS_19response_parametersE                                                             
0000195d  _ZN7modules25request_write_value_state10parse_byteEh                                                                                          
00002331  _ZN7modules25request_write_value_stateD0Ev                                                                                                    
00000fe9  _ZN7modules25response_generic_strategy15encode_responseERKNS_19response_parametersE                                                           
0000225d  _ZN7modules8dc_motor4stopEv                                                                                                                   
00001dc9  _ZN7modules8dc_motor5startENS_15motor_directionEf                                                                                             
00002241  _ZN7modules8dc_motorC1ERN3HAL7pwm_pinERNS1_8gpio_pinES5_S5_                                                                                   
00002241  _ZN7modules8dc_motorC2ERN3HAL7pwm_pinERNS1_8gpio_pinES5_S5_                                                                                   
00002269  _ZN7modules8protocol10parse_byteEh                                                                                                            
00002275  _ZN7modules8protocol15encode_responseERKNS_19response_parametersE                                                                             
00001f21  _ZNK3HAL7adc_pin4readEv                                                                                                                       
0000235f  _ZNK5logic12command_base9get_errorEv                                                                                                          
00002363  _ZNK5logic12command_base9get_stateEv                                                                                                          
000005b3  _ZNK7modules7request12compute_crc8Ev                                                                                                          
00002281  _ZNK7modules8protocol11get_requestEv                                                                                                          
00000951  _ZNK7modules8response12compute_crc8Ev                                                                                                         
000024a0  _ZTVN5logic10no_commandE                                                                                                                      
000024b8  _ZTVN5logic12command_baseE                                                                                                                    
000024d0  _ZTVN5logic19tool_change_commandE                                                                                                             
000024e8  _ZTVN5logic21concrete_command_baseE                                                                                                           
00002500  _ZTVN5logic21load_filament_commandE                                                                                                           
00002518  _ZTVN5logic22eject_filament_commandE                                                                                                          
00002530  _ZTVN5logic22load_to_nozzle_commandE                                                                                                          
00002548  _ZTVN5logic26unload_from_nozzle_commandE                                                                                                      
00002560  _ZTVN7modules17request_crc_stateE                                                                                                             
00002574  _ZTVN7modules18request_code_stateE                                                                                                            
00002588  _ZTVN7modules19request_error_stateE                                                                                                           
0000259c  _ZTVN7modules19request_value_stateE                                                                                                           
000025b0  _ZTVN7modules21request_address_stateE                                                                                                         
000025d8  _ZTVN7modules22response_read_strategyE                                                                                                        
000025e4  _ZTVN7modules23response_query_strategyE                                                                                                       
000025c4  _ZTVN7modules25request_write_value_stateE                                                                                                     
000025f0  _ZTVN7modules25response_generic_strategyE                                                                                                     
00002339  _ZdlPv                                                                                                                                        
20208000  __STACK_END                                                                                                                                   
00000200  __STACK_SIZE                                                                                                                                  
00000800  __SYSMEM_SIZE                                                                                                                                 
00000000  __TI_ATRegion0_region_sz                                                                                                                      
00000000  __TI_ATRegion0_src_addr                                                                                                                       
00000000  __TI_ATRegion0_trg_addr                                                                                                                       
00000000  __TI_ATRegion1_region_sz                                                                                                                      
00000000  __TI_ATRegion1_src_addr                                                                                                                       
00000000  __TI_ATRegion1_trg_addr                                                                                                                       
00000000  __TI_ATRegion2_region_sz                                                                                                                      
00000000  __TI_ATRegion2_src_addr                                                                                                                       
00000000  __TI_ATRegion2_trg_addr                                                                                                                       
00002644  __TI_CINIT_Base                                                                                                                               
00002654  __TI_CINIT_Limit                                                                                                                              
00002654  __TI_CINIT_Warm                                                                                                                               
00002630  __TI_Handler_Table_Base                                                                                                                       
0000263c  __TI_Handler_Table_Limit                                                                                                                      
00001789  __TI_auto_init_nobinit                                                                                                                        
000013b9  __TI_decompress_lzss                                                                                                                          
00002203  __TI_decompress_none                                                                                                                          
ffffffff  __TI_pprof_out_hndl                                                                                                                           
ffffffff  __TI_prof_data_size                                                                                                                           
ffffffff  __TI_prof_data_start                                                                                                                          
00000000  __TI_static_base__                                                                                                                            
0000218b  __TI_zero_init_nomemset                                                                                                                       
00002380  __aeabi_ctype_table_                                                                                                                          
00002380  __aeabi_ctype_table_C                                                                                                                         
00001bf9  __aeabi_f2iz                                                                                                                                  
00001d35  __aeabi_f2uiz                                                                                                                                 
0000156d  __aeabi_fcmpeq                                                                                                                                
000015a9  __aeabi_fcmpge                                                                                                                                
000015bd  __aeabi_fcmpgt                                                                                                                                
00001595  __aeabi_fcmple                                                                                                                                
00001581  __aeabi_fcmplt                                                                                                                                
00001bf7  __aeabi_idiv0                                                                                                                                 
00002341  __aeabi_memcpy                                                                                                                                
00002341  __aeabi_memcpy4                                                                                                                               
00002341  __aeabi_memcpy8                                                                                                                               
00001b05  __aeabi_uidiv                                                                                                                                 
00001b05  __aeabi_uidivmod                                                                                                                              
ffffffff  __binit__                                                                                                                                     
00001bbd  __cmpsf2                                                                                                                                      
0000228d  __cxa_pure_virtual                                                                                                                            
00001bbd  __eqsf2                                                                                                                                       
00001bf9  __fixsfsi                                                                                                                                     
00001d35  __fixunssfsi                                                                                                                                  
00001b81  __gesf2                                                                                                                                       
00001b81  __gtsf2                                                                                                                                       
00001bbd  __lesf2                                                                                                                                       
00001bbd  __ltsf2                                                                                                                                       
UNDEFED   __mpu_init                                                                                                                                    
00001bbd  __nesf2                                                                                                                                       
20207e00  __stack                                                                                                                                       
20200000  __start___llvm_prf_bits                                                                                                                       
20200000  __start___llvm_prf_cnts                                                                                                                       
20200000  __stop___llvm_prf_bits                                                                                                                        
20200000  __stop___llvm_prf_cnts                                                                                                                        
00001f71  _c_int00_noargs                                                                                                                               
20200914  _lock                                                                                                                                         
00001d33  _nop                                                                                                                                          
20200800  _printer_UART                                                                                                                                 
20200000  _sys_memory                                                                                                                                   
UNDEFED   _system_post_cinit                                                                                                                            
00002367  _system_pre_init                                                                                                                              
20200918  _unlock                                                                                                                                       
0000236f  abort                                                                                                                                         
0000236b  abort_message                                                                                                                                 
ffffffff  binit                                                                                                                                         
00000c59  free                                                                                                                                          
2020091c  gPWMBackup                                                                                                                                    
00000000  interruptVectors                                                                                                                              
000000c1  main                                                                                                                                          
00001229  memcpy                                                                                                                                        


GLOBAL SYMBOLS: SORTED BY Symbol Address 

address   name                                                                                                                                          
-------   ----                                                                                                                                          
00000000  __TI_ATRegion0_region_sz                                                                                                                      
00000000  __TI_ATRegion0_src_addr                                                                                                                       
00000000  __TI_ATRegion0_trg_addr                                                                                                                       
00000000  __TI_ATRegion1_region_sz                                                                                                                      
00000000  __TI_ATRegion1_src_addr                                                                                                                       
00000000  __TI_ATRegion1_trg_addr                                                                                                                       
00000000  __TI_ATRegion2_region_sz                                                                                                                      
00000000  __TI_ATRegion2_src_addr                                                                                                                       
00000000  __TI_ATRegion2_trg_addr                                                                                                                       
00000000  __TI_static_base__                                                                                                                            
00000000  interruptVectors                                                                                                                              
000000c1  main                                                                                                                                          
00000200  __STACK_SIZE                                                                                                                                  
000002e1  _ZN7modules22response_read_strategy15encode_responseERKNS_19response_parametersE                                                              
0000044f  _ZN7modules23response_query_strategy15encode_responseERKNS_19response_parametersE                                                             
000005b3  _ZNK7modules7request12compute_crc8Ev                                                                                                          
00000709  _ZN3app15process_requestERKN7modules7requestE                                                                                                 
00000800  __SYSMEM_SIZE                                                                                                                                 
00000841  DL_Timer_initPWMMode                                                                                                                          
00000951  _ZNK7modules8response12compute_crc8Ev                                                                                                         
00000a5b  ADC0_IRQHandler                                                                                                                               
00000a5b  ADC1_IRQHandler                                                                                                                               
00000a5b  AES_IRQHandler                                                                                                                                
00000a5b  CANFD0_IRQHandler                                                                                                                             
00000a5b  DAC0_IRQHandler                                                                                                                               
00000a5b  DMA_IRQHandler                                                                                                                                
00000a5b  Default_Handler                                                                                                                               
00000a5b  GROUP0_IRQHandler                                                                                                                             
00000a5b  GROUP1_IRQHandler                                                                                                                             
00000a5b  HardFault_Handler                                                                                                                             
00000a5b  I2C0_IRQHandler                                                                                                                               
00000a5b  I2C1_IRQHandler                                                                                                                               
00000a5b  NMI_Handler                                                                                                                                   
00000a5b  PendSV_Handler                                                                                                                                
00000a5b  RTC_IRQHandler                                                                                                                                
00000a5b  SPI0_IRQHandler                                                                                                                               
00000a5b  SPI1_IRQHandler                                                                                                                               
00000a5b  SVC_Handler                                                                                                                                   
00000a5b  SysTick_Handler                                                                                                                               
00000a5b  TIMA0_IRQHandler                                                                                                                              
00000a5b  TIMA1_IRQHandler                                                                                                                              
00000a5b  TIMG0_IRQHandler                                                                                                                              
00000a5b  TIMG12_IRQHandler                                                                                                                             
00000a5b  TIMG6_IRQHandler                                                                                                                              
00000a5b  TIMG7_IRQHandler                                                                                                                              
00000a5b  TIMG8_IRQHandler                                                                                                                              
00000a5b  UART0_IRQHandler                                                                                                                              
00000a5b  UART1_IRQHandler                                                                                                                              
00000a5b  UART2_IRQHandler                                                                                                                              
00000a5b  UART3_IRQHandler                                                                                                                              
00000a5d  _ZN3appC1ERA2_N7modules14feeding_systemERNS0_18hall_effect_sensorILt30ELt30ELt85EEERN3HAL4UARTERNS0_14register_arrayILh40EEE                  
00000a5d  _ZN3appC2ERA2_N7modules14feeding_systemERNS0_18hall_effect_sensorILt30ELt30ELt85EEERN3HAL4UARTERNS0_14register_arrayILh40EEE                  
00000b65  _ZN7modules18request_code_state10parse_byteEh                                                                                                 
00000c59  free                                                                                                                                          
00000d45  DL_TimerA_initPWMMode                                                                                                                         
00000e2f  _ZN5logic12command_baseD0Ev                                                                                                                   
00000e31  _ZN3app12plan_commandERKN7modules7requestE                                                                                                    
00000f13  _ZN7modules14feeding_system4stepENS_15motor_directionEf                                                                                       
00000fe9  _ZN7modules25response_generic_strategy15encode_responseERKNS_19response_parametersE                                                           
000010b9  SYSCFG_DL_PWM_init                                                                                                                            
00001185  _ZN5logic26unload_from_nozzle_command4stepEv                                                                                                  
00001229  memcpy                                                                                                                                        
000012c3  _ZN5logic12command_baseD2Ev                                                                                                                   
000012c5  _ZN5logic21load_filament_command4stepEv                                                                                                       
00001341  _ZN5logic21load_filament_command18handle_load_to_hubERN7modules14feeding_systemE                                                              
000013b9  __TI_decompress_lzss                                                                                                                          
00001431  SYSCFG_DL_UART_PRINTER_init                                                                                                                   
000014a1  SYSCFG_DL_GPIO_init                                                                                                                           
00001509  _ZN3app22report_running_commandEv                                                                                                             
0000156b  _ZN5logic21concrete_command_baseD0Ev                                                                                                          
0000156d  __aeabi_fcmpeq                                                                                                                                
00001581  __aeabi_fcmplt                                                                                                                                
00001595  __aeabi_fcmple                                                                                                                                
000015a9  __aeabi_fcmpge                                                                                                                                
000015bd  __aeabi_fcmpgt                                                                                                                                
000015cf  _ZN7modules14feeding_system12has_filamentEv                                                                                                   
0000162b  _ZN5logic19tool_change_command4stepEv                                                                                                         
00001683  _ZN7modules23request_automaton_stateD2Ev                                                                                                      
00001685  _ZN5logic22load_to_nozzle_command4stepEv                                                                                                      
000016dd  _ZN7modules17request_crc_state10parse_byteEh                                                                                                  
00001735  SYSCFG_DL_ADC_init                                                                                                                            
00001789  __TI_auto_init_nobinit                                                                                                                        
000017dd  _ZN3app4stepEv                                                                                                                                
0000182d  DL_ADC12_setClockConfig                                                                                                                       
00001879  DL_UART_init                                                                                                                                  
000018c5  _ZN7modules19request_value_state10parse_byteEh                                                                                                
00001911  _ZN7modules21request_address_state10parse_byteEh                                                                                              
0000195d  _ZN7modules25request_write_value_state10parse_byteEh                                                                                          
000019a9  SYSCFG_DL_initPower                                                                                                                           
000019f1  _ZN3HAL4UART5writeEPKhh                                                                                                                       
00001a39  _ZN3HAL7pwm_pin14set_duty_cycleEf                                                                                                             
00001a81  _ZN5logic22eject_filament_command4stepEv                                                                                                      
00001ac5  DL_Timer_setCaptureCompareOutCtl                                                                                                              
00001b05  __aeabi_uidiv                                                                                                                                 
00001b05  __aeabi_uidivmod                                                                                                                              
00001b45  DL_Timer_setCaptureCompareCtl                                                                                                                 
00001b81  __gesf2                                                                                                                                       
00001b81  __gtsf2                                                                                                                                       
00001bbd  __cmpsf2                                                                                                                                      
[...]
00001d35  __fixunssfsi                                                                                                                                  
00001d69  SYSCFG_DL_SYSCTL_init                                                                                                                         
00001d99  SYSCFG_DL_SYSTICK_init                                                                                                                        
00001dc9  _ZN7modules8dc_motor5startENS_15motor_directionEf                                                                                             
00001df9  DL_Timer_setCaptureCompareValue                                                                                                               
00001e25  SYSCFG_DL_init                                                                                                                                
00001e51  _ZN5logic21load_filament_command12reset_helperEh                                                                                              
00001e7d  _ZN5logic22load_to_nozzle_command12reset_helperEh                                                                                             
00001f21  _ZNK3HAL7adc_pin4readEv                                                                                                                       
00001f71  _c_int00_noargs                                                                                                                               
00001f99  _ZN3HAL4UART9read_byteEv                                                                                                                      
00001fbf  _ZN5logic22eject_filament_command12reset_helperEh                                                                                             
00001fe5  DL_UART_setClockConfig                                                                                                                        
00002009  _ZN3HAL4UARTC1Ev                                                                                                                              
00002009  _ZN3HAL4UARTC2Ev                                                                                                                              
0000204d  _ZN5logic19tool_change_commandC1ERNS_26unload_from_nozzle_commandERNS_22load_to_nozzle_commandE                                               
0000204d  _ZN5logic19tool_change_commandC2ERNS_26unload_from_nozzle_commandERNS_22load_to_nozzle_commandE                                               
0000206d  _ZN5logic21concrete_command_baseC2ERA2_N7modules14feeding_systemERNS1_18hall_effect_sensorILt30ELt30ELt85EEERNS1_14register_arrayILh40EEE     
0000208d  _ZN3HAL8gpio_pin5writeENS_14gpio_pin_stateE                                                                                                   
000020a9  _ZN5logic12command_base16check_tool_indexEh                                                                                                   
000020e1  _ZN7modules19request_error_state10parse_byteEh                                                                                                
00002115  _ZN5logic12command_base5resetEh                                                                                                               
0000212d  _ZN5logic21load_filament_commandC1ERA2_N7modules14feeding_systemERNS1_18hall_effect_sensorILt30ELt30ELt85EEERNS1_14register_arrayILh40EEE     
0000212d  _ZN5logic21load_filament_commandC2ERA2_N7modules14feeding_systemERNS1_18hall_effect_sensorILt30ELt30ELt85EEERNS1_14register_arrayILh40EEE     
00002145  _ZN5logic22load_to_nozzle_commandC1ERA2_N7modules14feeding_systemERNS1_18hall_effect_sensorILt30ELt30ELt85EEERNS1_14register_arrayILh40EEE    
00002145  _ZN5logic22load_to_nozzle_commandC2ERA2_N7modules14feeding_systemERNS1_18hall_effect_sensorILt30ELt30ELt85EEERNS1_14register_arrayILh40EEE    
0000215d  _ZN5logic26unload_from_nozzle_commandC1ERA2_N7modules14feeding_systemERNS1_18hall_effect_sensorILt30ELt30ELt85EEERNS1_14register_arrayILh40EEE
0000215d  _ZN5logic26unload_from_nozzle_commandC2ERA2_N7modules14feeding_systemERNS1_18hall_effect_sensorILt30ELt30ELt85EEERNS1_14register_arrayILh40EEE
0000218b  __TI_zero_init_nomemset                                                                                                                       
000021a1  DL_Common_delayCycles                                                                                                                         
000021b5  _ZN5logic10no_commandC1Ev                                                                                                                     
000021b5  _ZN5logic10no_commandC2Ev                                                                                                                     
000021c9  _ZN5logic12command_baseC2Ev                                                                                                                   
000021dd  _ZN5logic22eject_filament_commandC1ERA2_N7modules14feeding_systemERNS1_18hall_effect_sensorILt30ELt30ELt85EEERNS1_14register_arrayILh40EEE    
000021dd  _ZN5logic22eject_filament_commandC2ERA2_N7modules14feeding_systemERNS1_18hall_effect_sensorILt30ELt30ELt85EEERNS1_14register_arrayILh40EEE    
000021f1  _ZN5logic19tool_change_command12reset_helperEh                                                                                                
00002203  __TI_decompress_none                                                                                                                          
00002233  _ZN7modules14register_arrayILh40EEC1Ev                                                                                                        
00002233  _ZN7modules14register_arrayILh40EEC2Ev                                                                                                        
00002241  _ZN7modules8dc_motorC1ERN3HAL7pwm_pinERNS1_8gpio_pinES5_S5_                                                                                   
00002241  _ZN7modules8dc_motorC2ERN3HAL7pwm_pinERNS1_8gpio_pinES5_S5_                                                                                   
00002251  _ZN3HAL7GetTimeEv                                                                                                                             
0000225d  _ZN7modules8dc_motor4stopEv                                                                                                                   
00002269  _ZN7modules8protocol10parse_byteEh                                                                                                            
00002275  _ZN7modules8protocol15encode_responseERKNS_19response_parametersE                                                                             
00002281  _ZNK7modules8protocol11get_requestEv                                                                                                          
0000228d  __cxa_pure_virtual                                                                                                                            
00002299  _ZN3HAL4UART12is_availableEv                                                                                                                  
000022a3  _ZN3HAL7pwm_pinC1EP12GPTIMER_Regs17DL_TIMER_CC_INDEX                                                                                          
000022a3  _ZN3HAL7pwm_pinC2EP12GPTIMER_Regs17DL_TIMER_CC_INDEX                                                                                          
000022ad  _ZN5logic12command_base11finished_okEv                                                                                                        
000022b7  _ZN7modules14feeding_systemC1ERNS_8dc_motorERNS_18hall_effect_sensorILt200ELt0ELt30EEERNS3_ILt20ELt55ELt150EEE                                
000022b7  _ZN7modules14feeding_systemC2ERNS_8dc_motorERNS_18hall_effect_sensorILt200ELt0ELt30EEERNS3_ILt20ELt55ELt150EEE                                
000022c1  _ZN3HAL8gpio_pinC1EP9GPIO_Regsj                                                                                                               
000022c1  _ZN3HAL8gpio_pinC2EP9GPIO_Regsj                                                                                                               
000022c9  _ZN5logic10no_commandD0Ev                                                                                                                     
000022d1  _ZN5logic19tool_change_commandD0Ev                                                                                                            
000022d9  _ZN5logic21load_filament_commandD0Ev                                                                                                          
000022e1  _ZN5logic22eject_filament_commandD0Ev                                                                                                         
000022e9  _ZN5logic22load_to_nozzle_commandD0Ev                                                                                                         
000022f1  _ZN5logic26unload_from_nozzle_commandD0Ev                                                                                                     
000022f9  _ZN7modules14register_arrayILh40EE4readENS_16register_addressE                                                                                
00002301  _ZN7modules14register_arrayILh40EE5writeENS_16register_addressEt                                                                              
00002309  _ZN7modules17request_crc_stateD0Ev                                                                                                            
00002311  _ZN7modules18request_code_stateD0Ev                                                                                                           
00002319  _ZN7modules19request_error_stateD0Ev                                                                                                          
00002321  _ZN7modules19request_value_stateD0Ev                                                                                                          
00002329  _ZN7modules21request_address_stateD0Ev                                                                                                        
00002331  _ZN7modules25request_write_value_stateD0Ev                                                                                                    
00002339  _ZdlPv                                                                                                                                        
00002341  __aeabi_memcpy                                                                                                                                
00002341  __aeabi_memcpy4                                                                                                                               
00002341  __aeabi_memcpy8                                                                                                                               
00002349  _ZN3HAL7adc_pinC1EP10ADC12_Regs16DL_ADC12_MEM_IDX                                                                                             
00002349  _ZN3HAL7adc_pinC2EP10ADC12_Regs16DL_ADC12_MEM_IDX                                                                                             
0000234f  Reset_Handler                                                                                                                                 
00002353  _ZN5logic10no_command12reset_helperEh                                                                                                         
00002357  _ZN5logic10no_command4stepEv                                                                                                                  
0000235b  _ZN7modules14feeding_system21set_filament_positionENS_17filament_positionE                                                                    
0000235f  _ZNK5logic12command_base9get_errorEv                                                                                                          
00002363  _ZNK5logic12command_base9get_stateEv                                                                                                          
00002367  _system_pre_init                                                                                                                              
0000236b  abort_message                                                                                                                                 
0000236e  C$$EXIT                                                                                                                                       
0000236f  abort                                                                                                                                         
00002378  SHT$$INIT_ARRAY$$Base                                                                                                                         
0000237c  SHT$$INIT_ARRAY$$Limit                                                                                                                        
00002380  __aeabi_ctype_table_                                                                                                                          
00002380  __aeabi_ctype_table_C                                                                                                                         
000024a0  _ZTVN5logic10no_commandE                                                                                                                      
000024b8  _ZTVN5logic12command_baseE                                                                                                                    
000024d0  _ZTVN5logic19tool_change_commandE                                                                                                             
000024e8  _ZTVN5logic21concrete_command_baseE                                                                                                           
00002500  _ZTVN5logic21load_filament_commandE                                                                                                           
00002518  _ZTVN5logic22eject_filament_commandE                                                                                                          
00002530  _ZTVN5logic22load_to_nozzle_commandE                                                                                                          
00002548  _ZTVN5logic26unload_from_nozzle_commandE                                                                                                      
00002560  _ZTVN7modules17request_crc_stateE                                                                                                             
00002574  _ZTVN7modules18request_code_stateE                                                                                                            
00002588  _ZTVN7modules19request_error_stateE                                                                                                           
0000259c  _ZTVN7modules19request_value_stateE                                                                                                           
000025b0  _ZTVN7modules21request_address_stateE                                                                                                         
000025c4  _ZTVN7modules25request_write_value_stateE                                                                                                     
000025d8  _ZTVN7modules22response_read_strategyE                                                                                                        
000025e4  _ZTVN7modules23response_query_strategyE                                                                                                       
000025f0  _ZTVN7modules25response_generic_strategyE                                                                                                     
00002630  __TI_Handler_Table_Base                                                                                                                       
0000263c  __TI_Handler_Table_Limit                                                                                                                      
00002644  __TI_CINIT_Base                                                                                                                               
00002654  __TI_CINIT_Limit                                                                                                                              
00002654  __TI_CINIT_Warm                                                                                                                               
20200000  __start___llvm_prf_bits                                                                                                                       
20200000  __start___llvm_prf_cnts                                                                                                                       
20200000  __stop___llvm_prf_bits                                                                                                                        
20200000  __stop___llvm_prf_cnts                                                                                                                        
20200000  _sys_memory                                                                                                                                   
20200800  _printer_UART                                                                                                                                 
20200910  _ZN3HAL14current_millisE                                                                                                                      
20200914  _lock                                                                                                                                         
20200918  _unlock                                                                                                                                       
2020091c  gPWMBackup                                                                                                                                    
20207e00  __stack                                                                                                                                       
20208000  __STACK_END                                                                                                                                   
ffffffff  __TI_pprof_out_hndl                                                                                                                           
ffffffff  __TI_prof_data_size                                                                                                                           
ffffffff  __TI_prof_data_start                                                                                                                          
ffffffff  __binit__                                                                                                                                     
ffffffff  binit                                                                                                                                         
UNDEFED   __mpu_init                                                                                                                                    
UNDEFED   _system_post_cinit                                                                                                                            

[243 symbols]
