<?xml version="1.0" encoding="ISO-8859-1" ?>
<link_info>
   <banner>TI ARM Clang Linker Unix v3.2.1.LTS</banner>
   <copyright>Copyright (c) 1996-2018 Texas Instruments Incorporated</copyright>
   <link_time>0x66995b40</link_time>
   <link_errors>0x0</link_errors>
   <output_file>/home/jenda/Bakalarka/src/Debug/src.out</output_file>
   <entry_point>
      <name>_c_int00_noargs</name>
      <address>0x1f71</address>
   </entry_point>
   <input_file_list>
      <input_file id="fl-1">
         <path>/home/jenda/Bakalarka/src/Debug/./</path>
         <kind>object</kind>
         <file>app.o</file>
         <name>app.o</name>
      </input_file>
      <input_file id="fl-2">
         <path>/home/jenda/Bakalarka/src/Debug/./</path>
         <kind>object</kind>
         <file>command_base.o</file>
         <name>command_base.o</name>
      </input_file>
      <input_file id="fl-3">
         <path>/home/jenda/Bakalarka/src/Debug/./</path>
         <kind>object</kind>
         <file>concrete_command_base.o</file>
         <name>concrete_command_base.o</name>
      </input_file>
      <input_file id="fl-4">
         <path>/home/jenda/Bakalarka/src/Debug/./</path>
         <kind>object</kind>
         <file>dc_motor.o</file>
         <name>dc_motor.o</name>
      </input_file>
      <input_file id="fl-5">
         <path>/home/jenda/Bakalarka/src/Debug/./</path>
         <kind>object</kind>
         <file>eject_filament_command.o</file>
         <name>eject_filament_command.o</name>
      </input_file>
      <input_file id="fl-6">
         <path>/home/jenda/Bakalarka/src/Debug/./</path>
         <kind>object</kind>
         <file>feeding_system.o</file>
         <name>feeding_system.o</name>
      </input_file>
      <input_file id="fl-7">
         <path>/home/jenda/Bakalarka/src/Debug/./</path>
         <kind>object</kind>
         <file>hal_time.o</file>
         <name>hal_time.o</name>
      </input_file>
      <input_file id="fl-8">
         <path>/home/jenda/Bakalarka/src/Debug/./</path>
         <kind>object</kind>
         <file>load_filament_command.o</file>
         <name>load_filament_command.o</name>
      </input_file>
      <input_file id="fl-9">
         <path>/home/jenda/Bakalarka/src/Debug/./</path>
         <kind>object</kind>
         <file>load_to_nozzle_command.o</file>
         <name>load_to_nozzle_command.o</name>
      </input_file>
      <input_file id="fl-a">
         <path>/home/jenda/Bakalarka/src/Debug/./</path>
         <kind>object</kind>
         <file>main.o</file>
         <name>main.o</name>
      </input_file>
      <input_file id="fl-b">
         <path>/home/jenda/Bakalarka/src/Debug/./</path>
         <kind>object</kind>
         <file>ti_msp_dl_config.o</file>
         <name>ti_msp_dl_config.o</name>
      </input_file>
      <input_file id="fl-c">
         <path>/home/jenda/Bakalarka/src/Debug/./</path>
         <kind>object</kind>
         <file>startup_mspm0g350x_ticlang.o</file>
         <name>startup_mspm0g350x_ticlang.o</name>
      </input_file>
      <input_file id="fl-d">
         <path>/home/jenda/Bakalarka/src/Debug/./</path>
         <kind>object</kind>
         <file>no_command.o</file>
         <name>no_command.o</name>
      </input_file>
      <input_file id="fl-e">
         <path>/home/jenda/Bakalarka/src/Debug/./</path>
         <kind>object</kind>
         <file>pins.o</file>
         <name>pins.o</name>
      </input_file>
      <input_file id="fl-f">
         <path>/home/jenda/Bakalarka/src/Debug/./</path>
         <kind>object</kind>
         <file>protocol.o</file>
         <name>protocol.o</name>
      </input_file>
      <input_file id="fl-10">
         <path>/home/jenda/Bakalarka/src/Debug/./</path>
         <kind>object</kind>
         <file>registers.o</file>
         <name>registers.o</name>
      </input_file>
      <input_file id="fl-11">
         <path>/home/jenda/Bakalarka/src/Debug/./</path>
         <kind>object</kind>
         <file>tool_change_command.o</file>
         <name>tool_change_command.o</name>
      </input_file>
      <input_file id="fl-12">
         <path>/home/jenda/Bakalarka/src/Debug/./</path>
         <kind>object</kind>
         <file>uart.o</file>
         <name>uart.o</name>
      </input_file>
      <input_file id="fl-13">
         <path>/home/jenda/Bakalarka/src/Debug/./</path>
         <kind>object</kind>
         <file>unload_from_nozzle_command.o</file>
         <name>unload_from_nozzle_command.o</name>
      </input_file>
      <input_file id="fl-20">
         <path>/home/jenda/Bakalarka/src/Debug/</path>
         <kind>object</kind>
         <file>&lt;internal&gt;</file>
         <name>&lt;internal&gt;</name>
      </input_file>
      <input_file id="fl-21">
         <path>/home/jenda/ti/mspm0_sdk_2_00_01_00/source/ti/driverlib/lib/ticlang/m0p/mspm0g1x0x_g3x0x/</path>
         <kind>archive</kind>
         <file>driverlib.a</file>
         <name>dl_adc12.o</name>
      </input_file>
      <input_file id="fl-22">
         <path>/home/jenda/ti/mspm0_sdk_2_00_01_00/source/ti/driverlib/lib/ticlang/m0p/mspm0g1x0x_g3x0x/</path>
         <kind>archive</kind>
         <file>driverlib.a</file>
         <name>dl_common.o</name>
      </input_file>
      <input_file id="fl-23">
         <path>/home/jenda/ti/mspm0_sdk_2_00_01_00/source/ti/driverlib/lib/ticlang/m0p/mspm0g1x0x_g3x0x/</path>
         <kind>archive</kind>
         <file>driverlib.a</file>
         <name>dl_timer.o</name>
      </input_file>
      <input_file id="fl-24">
         <path>/home/jenda/ti/mspm0_sdk_2_00_01_00/source/ti/driverlib/lib/ticlang/m0p/mspm0g1x0x_g3x0x/</path>
         <kind>archive</kind>
         <file>driverlib.a</file>
         <name>dl_uart.o</name>
      </input_file>
      <input_file id="fl-33">
         <path>/home/jenda/ti/ccstheia131/ccs/tools/compiler/ti-cgt-armllvm_3.2.1.LTS/lib/armv6m-ti-none-eabi/c/</path>
         <kind>archive</kind>
         <file>libc.a</file>
         <name>aeabi_ctype.S.obj</name>
      </input_file>
      <input_file id="fl-34">
         <path>/home/jenda/ti/ccstheia131/ccs/tools/compiler/ti-cgt-armllvm_3.2.1.LTS/lib/armv6m-ti-none-eabi/c/</path>
         <kind>archive</kind>
         <file>libc.a</file>
         <name>copy_zero_init.c.obj</name>
      </input_file>
      <input_file id="fl-35">
         <path>/home/jenda/ti/ccstheia131/ccs/tools/compiler/ti-cgt-armllvm_3.2.1.LTS/lib/armv6m-ti-none-eabi/c/</path>
         <kind>archive</kind>
         <file>libc.a</file>
         <name>copy_decompress_none.c.obj</name>
      </input_file>
      <input_file id="fl-36">
         <path>/home/jenda/ti/ccstheia131/ccs/tools/compiler/ti-cgt-armllvm_3.2.1.LTS/lib/armv6m-ti-none-eabi/c/</path>
         <kind>archive</kind>
         <file>libc.a</file>
         <name>copy_decompress_lzss.c.obj</name>
      </input_file>
      <input_file id="fl-37">
         <path>/home/jenda/ti/ccstheia131/ccs/tools/compiler/ti-cgt-armllvm_3.2.1.LTS/lib/armv6m-ti-none-eabi/c/</path>
         <kind>archive</kind>
         <file>libc.a</file>
         <name>boot_cortex_m.c.obj</name>
      </input_file>
      <input_file id="fl-38">
         <path>/home/jenda/ti/ccstheia131/ccs/tools/compiler/ti-cgt-armllvm_3.2.1.LTS/lib/armv6m-ti-none-eabi/c/</path>
         <kind>archive</kind>
         <file>libc.a</file>
         <name>mathacl_init.c.obj</name>
      </input_file>
      <input_file id="fl-39">
         <path>/home/jenda/ti/ccstheia131/ccs/tools/compiler/ti-cgt-armllvm_3.2.1.LTS/lib/armv6m-ti-none-eabi/c/</path>
         <kind>archive</kind>
         <file>libc.a</file>
         <name>exit.c.obj</name>
      </input_file>
      <input_file id="fl-3a">
         <path>/home/jenda/ti/ccstheia131/ccs/tools/compiler/ti-cgt-armllvm_3.2.1.LTS/lib/armv6m-ti-none-eabi/c/</path>
         <kind>archive</kind>
         <file>libc.a</file>
         <name>_lock.c.obj</name>
      </input_file>
      <input_file id="fl-3b">
         <path>/home/jenda/ti/ccstheia131/ccs/tools/compiler/ti-cgt-armllvm_3.2.1.LTS/lib/armv6m-ti-none-eabi/c/</path>
         <kind>archive</kind>
         <file>libc.a</file>
         <name>args_main.c.obj</name>
      </input_file>
      <input_file id="fl-3c">
         <path>/home/jenda/ti/ccstheia131/ccs/tools/compiler/ti-cgt-armllvm_3.2.1.LTS/lib/armv6m-ti-none-eabi/c/</path>
         <kind>archive</kind>
         <file>libc.a</file>
         <name>autoinit.c.obj</name>
      </input_file>
      <input_file id="fl-3d">
         <path>/home/jenda/ti/ccstheia131/ccs/tools/compiler/ti-cgt-armllvm_3.2.1.LTS/lib/armv6m-ti-none-eabi/c/</path>
         <kind>archive</kind>
         <file>libc.a</file>
         <name>pre_init.c.obj</name>
      </input_file>
      <input_file id="fl-3e">
         <path>/home/jenda/ti/ccstheia131/ccs/tools/compiler/ti-cgt-armllvm_3.2.1.LTS/lib/armv6m-ti-none-eabi/c/</path>
         <kind>archive</kind>
         <file>libc.a</file>
         <name>cpy_tbl.c.obj</name>
      </input_file>
      <input_file id="fl-a4">
         <path>/home/jenda/ti/ccstheia131/ccs/tools/compiler/ti-cgt-armllvm_3.2.1.LTS/lib/armv6m-ti-none-eabi/</path>
         <kind>archive</kind>
         <file>libc++abi.a</file>
         <name>cxa_virtual.cpp.obj</name>
      </input_file>
      <input_file id="fl-a5">
         <path>/home/jenda/ti/ccstheia131/ccs/tools/compiler/ti-cgt-armllvm_3.2.1.LTS/lib/armv6m-ti-none-eabi/</path>
         <kind>archive</kind>
         <file>libc++abi.a</file>
         <name>abort_message.cpp.obj</name>
      </input_file>
      <input_file id="fl-a6">
         <path>/home/jenda/ti/ccstheia131/ccs/tools/compiler/ti-cgt-armllvm_3.2.1.LTS/lib/armv6m-ti-none-eabi/</path>
         <kind>archive</kind>
         <file>libc++abi.a</file>
         <name>stdlib_new_delete.cpp.obj</name>
      </input_file>
      <input_file id="fl-a7">
         <path>/home/jenda/ti/ccstheia131/ccs/tools/compiler/ti-cgt-armllvm_3.2.1.LTS/lib/armv6m-ti-none-eabi/</path>
         <kind>archive</kind>
         <file>libc++abi.a</file>
         <name>cxa_handlers.cpp.obj</name>
      </input_file>
      <input_file id="fl-a8">
         <path>/home/jenda/ti/ccstheia131/ccs/tools/compiler/ti-cgt-armllvm_3.2.1.LTS/lib/armv6m-ti-none-eabi/</path>
         <kind>archive</kind>
         <file>libc++abi.a</file>
         <name>cxa_default_handlers.cpp.obj</name>
      </input_file>
      <input_file id="fl-a9">
         <path>/home/jenda/ti/ccstheia131/ccs/tools/compiler/ti-cgt-armllvm_3.2.1.LTS/lib/armv6m-ti-none-eabi/c/</path>
         <kind>archive</kind>
         <file>libc.a</file>
         <name>memory.c.obj</name>
      </input_file>
      <input_file id="fl-aa">
         <path>/home/jenda/ti/ccstheia131/ccs/tools/compiler/ti-cgt-armllvm_3.2.1.LTS/lib/clang/15.0.7/lib/armv6m-ti-none-eabi/</path>
         <kind>archive</kind>
         <file>libclang_rt.builtins.a</file>
         <name>fixunssfsi.S.obj</name>
      </input_file>
      <input_file id="fl-ab">
         <path>/home/jenda/ti/ccstheia131/ccs/tools/compiler/ti-cgt-armllvm_3.2.1.LTS/lib/clang/15.0.7/lib/armv6m-ti-none-eabi/</path>
         <kind>archive</kind>
         <file>libclang_rt.builtins.a</file>
         <name>aeabi_fcmp.S.obj</name>
      </input_file>
      <input_file id="fl-ac">
         <path>/home/jenda/ti/ccstheia131/ccs/tools/compiler/ti-cgt-armllvm_3.2.1.LTS/lib/clang/15.0.7/lib/armv6m-ti-none-eabi/</path>
         <kind>archive</kind>
         <file>libclang_rt.builtins.a</file>
         <name>aeabi_memcpy.S.obj</name>
      </input_file>
      <input_file id="fl-ad">
         <path>/home/jenda/ti/ccstheia131/ccs/tools/compiler/ti-cgt-armllvm_3.2.1.LTS/lib/clang/15.0.7/lib/armv6m-ti-none-eabi/</path>
         <kind>archive</kind>
         <file>libclang_rt.builtins.a</file>
         <name>aeabi_memset.S.obj</name>
      </input_file>
      <input_file id="fl-ae">
         <path>/home/jenda/ti/ccstheia131/ccs/tools/compiler/ti-cgt-armllvm_3.2.1.LTS/lib/clang/15.0.7/lib/armv6m-ti-none-eabi/</path>
         <kind>archive</kind>
         <file>libclang_rt.builtins.a</file>
         <name>aeabi_uidivmod.S.obj</name>
      </input_file>
      <input_file id="fl-af">
         <path>/home/jenda/ti/ccstheia131/ccs/tools/compiler/ti-cgt-armllvm_3.2.1.LTS/lib/clang/15.0.7/lib/armv6m-ti-none-eabi/</path>
         <kind>archive</kind>
         <file>libclang_rt.builtins.a</file>
         <name>comparesf2.S.obj</name>
      </input_file>
      <input_file id="fl-b0">
         <path>/home/jenda/ti/ccstheia131/ccs/tools/compiler/ti-cgt-armllvm_3.2.1.LTS/lib/clang/15.0.7/lib/armv6m-ti-none-eabi/</path>
         <kind>archive</kind>
         <file>libclang_rt.builtins.a</file>
         <name>fixsfsi.S.obj</name>
      </input_file>
      <input_file id="fl-b1">
         <path>/home/jenda/ti/ccstheia131/ccs/tools/compiler/ti-cgt-armllvm_3.2.1.LTS/lib/clang/15.0.7/lib/armv6m-ti-none-eabi/</path>
         <kind>archive</kind>
         <file>libclang_rt.builtins.a</file>
         <name>aeabi_div0.c.obj</name>
      </input_file>
      <input_file id="fl-b2">
         <path>/home/jenda/ti/ccstheia131/ccs/tools/compiler/ti-cgt-armllvm_3.2.1.LTS/lib/armv6m-ti-none-eabi/c/</path>
         <kind>archive</kind>
         <file>libc.a</file>
         <name>memcpy16.S.obj</name>
      </input_file>
      <input_file id="fl-b3">
         <path>/home/jenda/ti/ccstheia131/ccs/tools/compiler/ti-cgt-armllvm_3.2.1.LTS/lib/armv6m-ti-none-eabi/c/</path>
         <kind>archive</kind>
         <file>libc.a</file>
         <name>memset16.S.obj</name>
      </input_file>
   </input_file_list>
   <object_component_list>
      <object_component id="oc-18">
         <name>.intvecs</name>
         <load_address>0x0</load_address>
         <readonly>true</readonly>
         <run_address>0x0</run_address>
         <size>0xc0</size>
         <alignment>0x4</alignment>
         <input_file_ref idref="fl-c"/>
      </object_component>
      <object_component id="oc-69">
         <name>.text.main</name>
         <load_address>0xc0</load_address>
         <readonly>true</readonly>
         <executable>true</executable>
         <run_address>0xc0</run_address>
         <size>0x220</size>
         <alignment>0x4</alignment>
         <input_file_ref idref="fl-a"/>
      </object_component>
      <object_component id="oc-164">
         <name>.text._ZN7modules22response_read_strategy15encode_responseERKNS_19response_parametersE</name>
         <load_address>0x2e0</load_address>
         <readonly>true</readonly>
         <executable>true</executable>
         <run_address>0x2e0</run_address>
         <size>0x16e</size>
         <alignment>0x2</alignment>
         <input_file_ref idref="fl-f"/>
      </object_component>
      <object_component id="oc-163">
         <name>.text._ZN7modules23response_query_strategy15encode_responseERKNS_19response_parametersE</name>
         <load_address>0x44e</load_address>
         <readonly>true</readonly>
         <executable>true</executable>
         <run_address>0x44e</run_address>
         <size>0x164</size>
         <alignment>0x2</alignment>
         <input_file_ref idref="fl-f"/>
      </object_component>
      <object_component id="oc-1a2">
         <name>.text._ZNK7modules7request12compute_crc8Ev</name>
         <load_address>0x5b2</load_address>
         <readonly>true</readonly>
         <executable>true</executable>
         <run_address>0x5b2</run_address>
         <size>0x156</size>
         <alignment>0x2</alignment>
         <input_file_ref idref="fl-f"/>
      </object_component>
      <object_component id="oc-11a">
         <name>.text._ZN3app15process_requestERKN7modules7requestE</name>
         <load_address>0x708</load_address>
         <readonly>true</readonly>
         <executable>true</executable>
         <run_address>0x708</run_address>
         <size>0x138</size>
         <alignment>0x4</alignment>
         <input_file_ref idref="fl-1"/>
      </object_component>
      <object_component id="oc-17d">
         <name>.text.DL_Timer_initPWMMode</name>
         <load_address>0x840</load_address>
         <readonly>true</readonly>
         <executable>true</executable>
         <run_address>0x840</run_address>
         <size>0x110</size>
         <alignment>0x4</alignment>
         <input_file_ref idref="fl-23"/>
      </object_component>
      <object_component id="oc-1a3">
         <name>.text._ZNK7modules8response12compute_crc8Ev</name>
         <load_address>0x950</load_address>
         <readonly>true</readonly>
         <executable>true</executable>
         <run_address>0x950</run_address>
         <size>0x10a</size>
         <alignment>0x2</alignment>
         <input_file_ref idref="fl-f"/>
      </object_component>
      <object_component id="oc-34">
         <name>.text.Default_Handler</name>
         <load_address>0xa5a</load_address>
         <readonly>true</readonly>
         <executable>true</executable>
         <run_address>0xa5a</run_address>
         <size>0x2</size>
         <alignment>0x2</alignment>
         <input_file_ref idref="fl-c"/>
      </object_component>
      <object_component id="oc-a4">
         <name>.text._ZN3appC2ERA2_N7modules14feeding_systemERNS0_18hall_effect_sensorILt30ELt30ELt85EEERN3HAL4UARTERNS0_14register_arrayILh40EEE</name>
         <load_address>0xa5c</load_address>
         <readonly>true</readonly>
         <executable>true</executable>
         <run_address>0xa5c</run_address>
         <size>0x108</size>
         <alignment>0x4</alignment>
         <input_file_ref idref="fl-1"/>
      </object_component>
      <object_component id="oc-157">
         <name>.text._ZN7modules18request_code_state10parse_byteEh</name>
         <load_address>0xb64</load_address>
         <readonly>true</readonly>
         <executable>true</executable>
         <run_address>0xb64</run_address>
         <size>0xf4</size>
         <alignment>0x4</alignment>
         <input_file_ref idref="fl-f"/>
      </object_component>
      <object_component id="oc-1bd">
         <name>.text.free</name>
         <load_address>0xc58</load_address>
         <readonly>true</readonly>
         <executable>true</executable>
         <run_address>0xc58</run_address>
         <size>0xec</size>
         <alignment>0x4</alignment>
         <input_file_ref idref="fl-a9"/>
      </object_component>
      <object_component id="oc-12a">
         <name>.text.DL_TimerA_initPWMMode</name>
         <load_address>0xd44</load_address>
         <readonly>true</readonly>
         <executable>true</executable>
         <run_address>0xd44</run_address>
         <size>0xea</size>
         <alignment>0x2</alignment>
         <input_file_ref idref="fl-23"/>
      </object_component>
      <object_component id="oc-1af">
         <name>.text._ZN5logic12command_baseD0Ev</name>
         <load_address>0xe2e</load_address>
         <readonly>true</readonly>
         <executable>true</executable>
         <run_address>0xe2e</run_address>
         <size>0x2</size>
         <alignment>0x2</alignment>
         <input_file_ref idref="fl-2"/>
      </object_component>
      <object_component id="oc-16b">
         <name>.text._ZN3app12plan_commandERKN7modules7requestE</name>
         <load_address>0xe30</load_address>
         <readonly>true</readonly>
         <executable>true</executable>
         <run_address>0xe30</run_address>
         <size>0xe2</size>
         <alignment>0x4</alignment>
         <input_file_ref idref="fl-1"/>
      </object_component>
      <object_component id="oc-1b7">
         <name>.text._ZN7modules14feeding_system4stepENS_15motor_directionEf</name>
         <load_address>0xf12</load_address>
         <readonly>true</readonly>
         <executable>true</executable>
         <run_address>0xf12</run_address>
         <size>0xd6</size>
         <alignment>0x2</alignment>
         <input_file_ref idref="fl-6"/>
      </object_component>
      <object_component id="oc-162">
         <name>.text._ZN7modules25response_generic_strategy15encode_responseERKNS_19response_parametersE</name>
         <load_address>0xfe8</load_address>
         <readonly>true</readonly>
         <executable>true</executable>
         <run_address>0xfe8</run_address>
         <size>0xd0</size>
         <alignment>0x2</alignment>
         <input_file_ref idref="fl-f"/>
      </object_component>
      <object_component id="oc-d2">
         <name>.text.SYSCFG_DL_PWM_init</name>
         <load_address>0x10b8</load_address>
         <readonly>true</readonly>
         <executable>true</executable>
         <run_address>0x10b8</run_address>
         <size>0xcc</size>
         <alignment>0x4</alignment>
         <input_file_ref idref="fl-b"/>
      </object_component>
      <object_component id="oc-194">
         <name>.text._ZN5logic26unload_from_nozzle_command4stepEv</name>
         <load_address>0x1184</load_address>
         <readonly>true</readonly>
         <executable>true</executable>
         <run_address>0x1184</run_address>
         <size>0xa4</size>
         <alignment>0x4</alignment>
         <input_file_ref idref="fl-13"/>
      </object_component>
      <object_component id="oc-82">
         <name>.text:memcpy</name>
         <load_address>0x1228</load_address>
         <readonly>true</readonly>
         <executable>true</executable>
         <run_address>0x1228</run_address>
         <size>0x9a</size>
         <alignment>0x1</alignment>
         <input_file_ref idref="fl-b2"/>
      </object_component>
      <object_component id="oc-185">
         <name>.text._ZN5logic12command_baseD2Ev</name>
         <load_address>0x12c2</load_address>
         <readonly>true</readonly>
         <executable>true</executable>
         <run_address>0x12c2</run_address>
         <size>0x2</size>
         <alignment>0x2</alignment>
         <input_file_ref idref="fl-2"/>
      </object_component>
      <object_component id="oc-18e">
         <name>.text._ZN5logic21load_filament_command4stepEv</name>
         <load_address>0x12c4</load_address>
         <readonly>true</readonly>
         <executable>true</executable>
         <run_address>0x12c4</run_address>
         <size>0x7c</size>
         <alignment>0x4</alignment>
         <input_file_ref idref="fl-8"/>
      </object_component>
      <object_component id="oc-1ba">
         <name>.text._ZN5logic21load_filament_command18handle_load_to_hubERN7modules14feeding_systemE</name>
         <load_address>0x1340</load_address>
         <readonly>true</readonly>
         <executable>true</executable>
         <run_address>0x1340</run_address>
         <size>0x78</size>
         <alignment>0x4</alignment>
         <input_file_ref idref="fl-8"/>
      </object_component>
      <object_component id="oc-1c">
         <name>.text:decompress:lzss</name>
         <load_address>0x13b8</load_address>
         <readonly>true</readonly>
         <executable>true</executable>
         <run_address>0x13b8</run_address>
         <size>0x78</size>
         <alignment>0x4</alignment>
         <input_file_ref idref="fl-36"/>
      </object_component>
      <object_component id="oc-d3">
         <name>.text.SYSCFG_DL_UART_PRINTER_init</name>
         <load_address>0x1430</load_address>
         <readonly>true</readonly>
         <executable>true</executable>
         <run_address>0x1430</run_address>
         <size>0x70</size>
         <alignment>0x4</alignment>
         <input_file_ref idref="fl-b"/>
      </object_component>
      <object_component id="oc-cf">
         <name>.text.SYSCFG_DL_GPIO_init</name>
         <load_address>0x14a0</load_address>
         <readonly>true</readonly>
         <executable>true</executable>
         <run_address>0x14a0</run_address>
         <size>0x68</size>
         <alignment>0x4</alignment>
         <input_file_ref idref="fl-b"/>
      </object_component>
      <object_component id="oc-16d">
         <name>.text._ZN3app22report_running_commandEv</name>
         <load_address>0x1508</load_address>
         <readonly>true</readonly>
         <executable>true</executable>
         <run_address>0x1508</run_address>
         <size>0x62</size>
         <alignment>0x2</alignment>
         <input_file_ref idref="fl-1"/>
      </object_component>
      <object_component id="oc-1b5">
         <name>.text._ZN5logic21concrete_command_baseD0Ev</name>
         <load_address>0x156a</load_address>
         <readonly>true</readonly>
         <executable>true</executable>
         <run_address>0x156a</run_address>
         <size>0x2</size>
         <alignment>0x2</alignment>
         <input_file_ref idref="fl-3"/>
      </object_component>
      <object_component id="oc-1e4">
         <name>.text.__aeabi_fcmp</name>
         <load_address>0x156c</load_address>
         <readonly>true</readonly>
         <executable>true</executable>
         <run_address>0x156c</run_address>
         <size>0x62</size>
         <alignment>0x4</alignment>
         <input_file_ref idref="fl-ab"/>
      </object_component>
      <object_component id="oc-1b8">
         <name>.text._ZN7modules14feeding_system12has_filamentEv</name>
         <load_address>0x15ce</load_address>
         <readonly>true</readonly>
         <executable>true</executable>
         <run_address>0x15ce</run_address>
         <size>0x5c</size>
         <alignment>0x2</alignment>
         <input_file_ref idref="fl-6"/>
      </object_component>
      <object_component id="oc-19a">
         <name>.text._ZN5logic19tool_change_command4stepEv</name>
         <load_address>0x162a</load_address>
         <readonly>true</readonly>
         <executable>true</executable>
         <run_address>0x162a</run_address>
         <size>0x58</size>
         <alignment>0x2</alignment>
         <input_file_ref idref="fl-11"/>
      </object_component>
      <object_component id="oc-155">
         <name>.text._ZN7modules23request_automaton_stateD2Ev</name>
         <load_address>0x1682</load_address>
         <readonly>true</readonly>
         <executable>true</executable>
         <run_address>0x1682</run_address>
         <size>0x2</size>
         <alignment>0x2</alignment>
         <input_file_ref idref="fl-f"/>
      </object_component>
      <object_component id="oc-197">
         <name>.text._ZN5logic22load_to_nozzle_command4stepEv</name>
         <load_address>0x1684</load_address>
         <readonly>true</readonly>
         <executable>true</executable>
         <run_address>0x1684</run_address>
         <size>0x58</size>
         <alignment>0x4</alignment>
         <input_file_ref idref="fl-9"/>
      </object_component>
      <object_component id="oc-15f">
         <name>.text._ZN7modules17request_crc_state10parse_byteEh</name>
         <load_address>0x16dc</load_address>
         <readonly>true</readonly>
         <executable>true</executable>
         <run_address>0x16dc</run_address>
         <size>0x58</size>
         <alignment>0x4</alignment>
         <input_file_ref idref="fl-f"/>
      </object_component>
      <object_component id="oc-d4">
         <name>.text.SYSCFG_DL_ADC_init</name>
         <load_address>0x1734</load_address>
         <readonly>true</readonly>
         <executable>true</executable>
         <run_address>0x1734</run_address>
         <size>0x54</size>
         <alignment>0x4</alignment>
         <input_file_ref idref="fl-b"/>
      </object_component>
      <object_component id="oc-b8">
         <name>.text:__TI_auto_init_nobinit</name>
         <load_address>0x1788</load_address>
         <readonly>true</readonly>
         <executable>true</executable>
         <run_address>0x1788</run_address>
         <size>0x54</size>
         <alignment>0x4</alignment>
         <input_file_ref idref="fl-3c"/>
      </object_component>
      <object_component id="oc-aa">
         <name>.text._ZN3app4stepEv</name>
         <load_address>0x17dc</load_address>
         <readonly>true</readonly>
         <executable>true</executable>
         <run_address>0x17dc</run_address>
         <size>0x50</size>
         <alignment>0x2</alignment>
         <input_file_ref idref="fl-1"/>
      </object_component>
      <object_component id="oc-134">
         <name>.text.DL_ADC12_setClockConfig</name>
         <load_address>0x182c</load_address>
         <readonly>true</readonly>
         <executable>true</executable>
         <run_address>0x182c</run_address>
         <size>0x4c</size>
         <alignment>0x4</alignment>
         <input_file_ref idref="fl-21"/>
      </object_component>
      <object_component id="oc-131">
         <name>.text.DL_UART_init</name>
         <load_address>0x1878</load_address>
         <readonly>true</readonly>
         <executable>true</executable>
         <run_address>0x1878</run_address>
         <size>0x4c</size>
         <alignment>0x4</alignment>
         <input_file_ref idref="fl-24"/>
      </object_component>
      <object_component id="oc-159">
         <name>.text._ZN7modules19request_value_state10parse_byteEh</name>
         <load_address>0x18c4</load_address>
         <readonly>true</readonly>
         <executable>true</executable>
         <run_address>0x18c4</run_address>
         <size>0x4c</size>
         <alignment>0x4</alignment>
         <input_file_ref idref="fl-f"/>
      </object_component>
      <object_component id="oc-15b">
         <name>.text._ZN7modules21request_address_state10parse_byteEh</name>
         <load_address>0x1910</load_address>
         <readonly>true</readonly>
         <executable>true</executable>
         <run_address>0x1910</run_address>
         <size>0x4c</size>
         <alignment>0x4</alignment>
         <input_file_ref idref="fl-f"/>
      </object_component>
      <object_component id="oc-15d">
         <name>.text._ZN7modules25request_write_value_state10parse_byteEh</name>
         <load_address>0x195c</load_address>
         <readonly>true</readonly>
         <executable>true</executable>
         <run_address>0x195c</run_address>
         <size>0x4c</size>
         <alignment>0x4</alignment>
         <input_file_ref idref="fl-f"/>
      </object_component>
      <object_component id="oc-ce">
         <name>.text.SYSCFG_DL_initPower</name>
         <load_address>0x19a8</load_address>
         <readonly>true</readonly>
         <executable>true</executable>
         <run_address>0x19a8</run_address>
         <size>0x48</size>
         <alignment>0x4</alignment>
         <input_file_ref idref="fl-b"/>
      </object_component>
      <object_component id="oc-170">
         <name>.text._ZN3HAL4UART5writeEPKhh</name>
         <load_address>0x19f0</load_address>
         <readonly>true</readonly>
         <executable>true</executable>
         <run_address>0x19f0</run_address>
         <size>0x48</size>
         <alignment>0x2</alignment>
         <input_file_ref idref="fl-12"/>
      </object_component>
      <object_component id="oc-1e2">
         <name>.text._ZN3HAL7pwm_pin14set_duty_cycleEf</name>
         <load_address>0x1a38</load_address>
         <readonly>true</readonly>
         <executable>true</executable>
         <run_address>0x1a38</run_address>
         <size>0x48</size>
         <alignment>0x4</alignment>
         <input_file_ref idref="fl-e"/>
      </object_component>
      <object_component id="oc-191">
         <name>.text._ZN5logic22eject_filament_command4stepEv</name>
         <load_address>0x1a80</load_address>
         <readonly>true</readonly>
         <executable>true</executable>
         <run_address>0x1a80</run_address>
         <size>0x44</size>
         <alignment>0x4</alignment>
         <input_file_ref idref="fl-5"/>
      </object_component>
      <object_component id="oc-12c">
         <name>.text.DL_Timer_setCaptureCompareOutCtl</name>
         <load_address>0x1ac4</load_address>
         <readonly>true</readonly>
         <executable>true</executable>
         <run_address>0x1ac4</run_address>
         <size>0x40</size>
         <alignment>0x4</alignment>
         <input_file_ref idref="fl-23"/>
      </object_component>
      <object_component id="oc-165">
         <name>.text.__aeabi_uidivmod</name>
         <load_address>0x1b04</load_address>
         <readonly>true</readonly>
         <executable>true</executable>
         <run_address>0x1b04</run_address>
         <size>0x40</size>
         <alignment>0x4</alignment>
         <input_file_ref idref="fl-ae"/>
      </object_component>
      <object_component id="oc-17b">
         <name>.text.DL_Timer_setCaptureCompareCtl</name>
         <load_address>0x1b44</load_address>
         <readonly>true</readonly>
         <executable>true</executable>
         <run_address>0x1b44</run_address>
         <size>0x3c</size>
         <alignment>0x4</alignment>
         <input_file_ref idref="fl-23"/>
      </object_component>
      <object_component id="oc-1f1">
         <name>.text.__gtsf2</name>
         <load_address>0x1b80</load_address>
         <readonly>true</readonly>
         <executable>true</executable>
         <run_address>0x1b80</run_address>
         <size>0x3c</size>
         <alignment>0x4</alignment>
         <input_file_ref idref="fl-af"/>
      </object_component>
      <object_component id="oc-1ec">
         <name>.text.__eqsf2</name>
         <load_address>0x1bbc</load_address>
         <readonly>true</readonly>
         <executable>true</executable>
         <run_address>0x1bbc</run_address>
         <size>0x3a</size>
         <alignment>0x4</alignment>
         <input_file_ref idref="fl-af"/>
      </object_component>
      <object_component id="oc-1a4">
         <name>.text.__aeabi_idiv0</name>
         <load_address>0x1bf6</load_address>
         <readonly>true</readonly>
         <executable>true</executable>
         <run_address>0x1bf6</run_address>
         <size>0x2</size>
         <alignment>0x2</alignment>
         <input_file_ref idref="fl-b1"/>
      </object_component>
      <object_component id="oc-1f3">
         <name>.text.__fixsfsi</name>
         <load_address>0x1bf8</load_address>
         <readonly>true</readonly>
         <executable>true</executable>
         <run_address>0x1bf8</run_address>
         <size>0x38</size>
         <alignment>0x4</alignment>
         <input_file_ref idref="fl-b0"/>
      </object_component>
      <object_component id="oc-12d">
         <name>.text.DL_Timer_setCaptCompUpdateMethod</name>
         <load_address>0x1c30</load_address>
         <readonly>true</readonly>
         <executable>true</executable>
         <run_address>0x1c30</run_address>
         <size>0x34</size>
         <alignment>0x4</alignment>
         <input_file_ref idref="fl-23"/>
      </object_component>
      <object_component id="oc-17a">
         <name>.text.DL_Timer_setCaptureCompareAction</name>
         <load_address>0x1c64</load_address>
         <readonly>true</readonly>
         <executable>true</executable>
         <run_address>0x1c64</run_address>
         <size>0x34</size>
         <alignment>0x4</alignment>
         <input_file_ref idref="fl-23"/>
      </object_component>
      <object_component id="oc-17c">
         <name>.text.DL_Timer_setCaptureCompareInput</name>
         <load_address>0x1c98</load_address>
         <readonly>true</readonly>
         <executable>true</executable>
         <run_address>0x1c98</run_address>
         <size>0x34</size>
         <alignment>0x2</alignment>
         <input_file_ref idref="fl-23"/>
      </object_component>
      <object_component id="oc-129">
         <name>.text.DL_Timer_setClockConfig</name>
         <load_address>0x1ccc</load_address>
         <readonly>true</readonly>
         <executable>true</executable>
         <run_address>0x1ccc</run_address>
         <size>0x34</size>
         <alignment>0x4</alignment>
         <input_file_ref idref="fl-23"/>
      </object_component>
      <object_component id="oc-193">
         <name>.text._ZN5logic26unload_from_nozzle_command12reset_helperEh</name>
         <load_address>0x1d00</load_address>
         <readonly>true</readonly>
         <executable>true</executable>
         <run_address>0x1d00</run_address>
         <size>0x32</size>
         <alignment>0x2</alignment>
         <input_file_ref idref="fl-13"/>
      </object_component>
      <object_component id="oc-171">
         <name>.text._nop</name>
         <load_address>0x1d32</load_address>
         <readonly>true</readonly>
         <executable>true</executable>
         <run_address>0x1d32</run_address>
         <size>0x2</size>
         <alignment>0x2</alignment>
         <input_file_ref idref="fl-3a"/>
      </object_component>
      <object_component id="oc-1e8">
         <name>.text.__fixunssfsi</name>
         <load_address>0x1d34</load_address>
         <readonly>true</readonly>
         <executable>true</executable>
         <run_address>0x1d34</run_address>
         <size>0x32</size>
         <alignment>0x4</alignment>
         <input_file_ref idref="fl-aa"/>
      </object_component>
      <object_component id="oc-d0">
         <name>.text.SYSCFG_DL_SYSCTL_init</name>
         <load_address>0x1d68</load_address>
         <readonly>true</readonly>
         <executable>true</executable>
         <run_address>0x1d68</run_address>
         <size>0x30</size>
         <alignment>0x4</alignment>
         <input_file_ref idref="fl-b"/>
      </object_component>
      <object_component id="oc-d5">
         <name>.text.SYSCFG_DL_SYSTICK_init</name>
         <load_address>0x1d98</load_address>
         <readonly>true</readonly>
         <executable>true</executable>
         <run_address>0x1d98</run_address>
         <size>0x30</size>
         <alignment>0x4</alignment>
         <input_file_ref idref="fl-b"/>
      </object_component>
      <object_component id="oc-1d3">
         <name>.text._ZN7modules8dc_motor5startENS_15motor_directionEf</name>
         <load_address>0x1dc8</load_address>
         <readonly>true</readonly>
         <executable>true</executable>
         <run_address>0x1dc8</run_address>
         <size>0x30</size>
         <alignment>0x2</alignment>
         <input_file_ref idref="fl-4"/>
      </object_component>
      <object_component id="oc-12b">
         <name>.text.DL_Timer_setCaptureCompareValue</name>
         <load_address>0x1df8</load_address>
         <readonly>true</readonly>
         <executable>true</executable>
         <run_address>0x1df8</run_address>
         <size>0x2c</size>
         <alignment>0x4</alignment>
         <input_file_ref idref="fl-23"/>
      </object_component>
      <object_component id="oc-87">
         <name>.text.SYSCFG_DL_init</name>
         <load_address>0x1e24</load_address>
         <readonly>true</readonly>
         <executable>true</executable>
         <run_address>0x1e24</run_address>
         <size>0x2c</size>
         <alignment>0x4</alignment>
         <input_file_ref idref="fl-b"/>
      </object_component>
      <object_component id="oc-18d">
         <name>.text._ZN5logic21load_filament_command12reset_helperEh</name>
         <load_address>0x1e50</load_address>
         <readonly>true</readonly>
         <executable>true</executable>
         <run_address>0x1e50</run_address>
         <size>0x2c</size>
         <alignment>0x2</alignment>
         <input_file_ref idref="fl-8"/>
      </object_component>
      <object_component id="oc-196">
         <name>.text._ZN5logic22load_to_nozzle_command12reset_helperEh</name>
         <load_address>0x1e7c</load_address>
         <readonly>true</readonly>
         <executable>true</executable>
         <run_address>0x1e7c</run_address>
         <size>0x2a</size>
         <alignment>0x2</alignment>
         <input_file_ref idref="fl-9"/>
      </object_component>
      <object_component id="oc-181">
         <name>.text.DL_Common_updateReg</name>
         <load_address>0x1ea6</load_address>
         <readonly>true</readonly>
         <executable>true</executable>
         <run_address>0x1ea6</run_address>
         <size>0x28</size>
         <alignment>0x2</alignment>
         <input_file_ref idref="fl-21"/>
      </object_component>
      <object_component id="oc-17e">
         <name>.text.DL_Common_updateReg</name>
         <load_address>0x1ece</load_address>
         <readonly>true</readonly>
         <executable>true</executable>
         <run_address>0x1ece</run_address>
         <size>0x28</size>
         <alignment>0x2</alignment>
         <input_file_ref idref="fl-23"/>
      </object_component>
      <object_component id="oc-180">
         <name>.text.DL_Common_updateReg</name>
         <load_address>0x1ef6</load_address>
         <readonly>true</readonly>
         <executable>true</executable>
         <run_address>0x1ef6</run_address>
         <size>0x28</size>
         <alignment>0x2</alignment>
         <input_file_ref idref="fl-24"/>
      </object_component>
      <object_component id="oc-1bc">
         <name>.text._ZNK3HAL7adc_pin4readEv</name>
         <load_address>0x1f20</load_address>
         <readonly>true</readonly>
         <executable>true</executable>
         <run_address>0x1f20</run_address>
         <size>0x28</size>
         <alignment>0x4</alignment>
         <input_file_ref idref="fl-e"/>
      </object_component>
      <object_component id="oc-1d7">
         <name>.text.free_list_insert</name>
         <load_address>0x1f48</load_address>
         <readonly>true</readonly>
         <executable>true</executable>
         <run_address>0x1f48</run_address>
         <size>0x28</size>
         <alignment>0x4</alignment>
         <input_file_ref idref="fl-a9"/>
      </object_component>
      <object_component id="oc-50">
         <name>.text:_c_int00_noargs</name>
         <load_address>0x1f70</load_address>
         <readonly>true</readonly>
         <executable>true</executable>
         <run_address>0x1f70</run_address>
         <size>0x28</size>
         <alignment>0x4</alignment>
         <input_file_ref idref="fl-37"/>
      </object_component>
      <object_component id="oc-112">
         <name>.text._ZN3HAL4UART9read_byteEv</name>
         <load_address>0x1f98</load_address>
         <readonly>true</readonly>
         <executable>true</executable>
         <run_address>0x1f98</run_address>
         <size>0x26</size>
         <alignment>0x2</alignment>
         <input_file_ref idref="fl-12"/>
      </object_component>
      <object_component id="oc-190">
         <name>.text._ZN5logic22eject_filament_command12reset_helperEh</name>
         <load_address>0x1fbe</load_address>
         <readonly>true</readonly>
         <executable>true</executable>
         <run_address>0x1fbe</run_address>
         <size>0x26</size>
         <alignment>0x2</alignment>
         <input_file_ref idref="fl-5"/>
      </object_component>
      <object_component id="oc-130">
         <name>.text.DL_UART_setClockConfig</name>
         <load_address>0x1fe4</load_address>
         <readonly>true</readonly>
         <executable>true</executable>
         <run_address>0x1fe4</run_address>
         <size>0x24</size>
         <alignment>0x4</alignment>
         <input_file_ref idref="fl-24"/>
      </object_component>
      <object_component id="oc-74">
         <name>.text._ZN3HAL4UARTC2Ev</name>
         <load_address>0x2008</load_address>
         <readonly>true</readonly>
         <executable>true</executable>
         <run_address>0x2008</run_address>
         <size>0x22</size>
         <alignment>0x2</alignment>
         <input_file_ref idref="fl-12"/>
      </object_component>
      <object_component id="oc-1ae">
         <name>.text.DL_Timer_setCounterValueAfterEnable</name>
         <load_address>0x202c</load_address>
         <readonly>true</readonly>
         <executable>true</executable>
         <run_address>0x202c</run_address>
         <size>0x20</size>
         <alignment>0x4</alignment>
         <input_file_ref idref="fl-23"/>
      </object_component>
      <object_component id="oc-100">
         <name>.text._ZN5logic19tool_change_commandC2ERNS_26unload_from_nozzle_commandERNS_22load_to_nozzle_commandE</name>
         <load_address>0x204c</load_address>
         <readonly>true</readonly>
         <executable>true</executable>
         <run_address>0x204c</run_address>
         <size>0x20</size>
         <alignment>0x4</alignment>
         <input_file_ref idref="fl-11"/>
      </object_component>
      <object_component id="oc-140">
         <name>.text._ZN5logic21concrete_command_baseC2ERA2_N7modules14feeding_systemERNS1_18hall_effect_sensorILt30ELt30ELt85EEERNS1_14register_arrayILh40EEE</name>
         <load_address>0x206c</load_address>
         <readonly>true</readonly>
         <executable>true</executable>
         <run_address>0x206c</run_address>
         <size>0x20</size>
         <alignment>0x4</alignment>
         <input_file_ref idref="fl-3"/>
      </object_component>
      <object_component id="oc-1e1">
         <name>.text._ZN3HAL8gpio_pin5writeENS_14gpio_pin_stateE</name>
         <load_address>0x208c</load_address>
         <readonly>true</readonly>
         <executable>true</executable>
         <run_address>0x208c</run_address>
         <size>0x1c</size>
         <alignment>0x4</alignment>
         <input_file_ref idref="fl-e"/>
      </object_component>
      <object_component id="oc-1b6">
         <name>.text._ZN5logic12command_base16check_tool_indexEh</name>
         <load_address>0x20a8</load_address>
         <readonly>true</readonly>
         <executable>true</executable>
         <run_address>0x20a8</run_address>
         <size>0x1c</size>
         <alignment>0x4</alignment>
         <input_file_ref idref="fl-2"/>
      </object_component>
      <object_component id="oc-1d5">
         <name>.text.free_list_remove</name>
         <load_address>0x20c4</load_address>
         <readonly>true</readonly>
         <executable>true</executable>
         <run_address>0x20c4</run_address>
         <size>0x1c</size>
         <alignment>0x4</alignment>
         <input_file_ref idref="fl-a9"/>
      </object_component>
      <object_component id="oc-161">
         <name>.text._ZN7modules19request_error_state10parse_byteEh</name>
         <load_address>0x20e0</load_address>
         <readonly>true</readonly>
         <executable>true</executable>
         <run_address>0x20e0</run_address>
         <size>0x1a</size>
         <alignment>0x2</alignment>
         <input_file_ref idref="fl-f"/>
      </object_component>
      <object_component id="oc-1ad">
         <name>.text.DL_Timer_setLoadValue</name>
         <load_address>0x20fc</load_address>
         <readonly>true</readonly>
         <executable>true</executable>
         <run_address>0x20fc</run_address>
         <size>0x18</size>
         <alignment>0x4</alignment>
         <input_file_ref idref="fl-23"/>
      </object_component>
      <object_component id="oc-1ab">
         <name>.text._ZN5logic12command_base5resetEh</name>
         <load_address>0x2114</load_address>
         <readonly>true</readonly>
         <executable>true</executable>
         <run_address>0x2114</run_address>
         <size>0x18</size>
         <alignment>0x2</alignment>
         <input_file_ref idref="fl-2"/>
      </object_component>
      <object_component id="oc-e8">
         <name>.text._ZN5logic21load_filament_commandC2ERA2_N7modules14feeding_systemERNS1_18hall_effect_sensorILt30ELt30ELt85EEERNS1_14register_arrayILh40EEE</name>
         <load_address>0x212c</load_address>
         <readonly>true</readonly>
         <executable>true</executable>
         <run_address>0x212c</run_address>
         <size>0x18</size>
         <alignment>0x4</alignment>
         <input_file_ref idref="fl-8"/>
      </object_component>
      <object_component id="oc-fa">
         <name>.text._ZN5logic22load_to_nozzle_commandC2ERA2_N7modules14feeding_systemERNS1_18hall_effect_sensorILt30ELt30ELt85EEERNS1_14register_arrayILh40EEE</name>
         <load_address>0x2144</load_address>
         <readonly>true</readonly>
         <executable>true</executable>
         <run_address>0x2144</run_address>
         <size>0x18</size>
         <alignment>0x4</alignment>
         <input_file_ref idref="fl-9"/>
      </object_component>
      <object_component id="oc-f4">
         <name>.text._ZN5logic26unload_from_nozzle_commandC2ERA2_N7modules14feeding_systemERNS1_18hall_effect_sensorILt30ELt30ELt85EEERNS1_14register_arrayILh40EEE</name>
         <load_address>0x215c</load_address>
         <readonly>true</readonly>
         <executable>true</executable>
         <run_address>0x215c</run_address>
         <size>0x18</size>
         <alignment>0x4</alignment>
         <input_file_ref idref="fl-13"/>
      </object_component>
      <object_component id="oc-17f">
         <name>.text.DL_UART_disable</name>
         <load_address>0x2174</load_address>
         <readonly>true</readonly>
         <executable>true</executable>
         <run_address>0x2174</run_address>
         <size>0x16</size>
         <alignment>0x2</alignment>
         <input_file_ref idref="fl-24"/>
      </object_component>
      <object_component id="oc-47">
         <name>.text:decompress:ZI:__TI_zero_init_nomemset</name>
         <load_address>0x218a</load_address>
         <readonly>true</readonly>
         <executable>true</executable>
         <run_address>0x218a</run_address>
         <size>0x16</size>
         <alignment>0x2</alignment>
         <input_file_ref idref="fl-34"/>
      </object_component>
      <object_component id="oc-128">
         <name>.text.DL_Common_delayCycles</name>
         <load_address>0x21a0</load_address>
         <readonly>true</readonly>
         <executable>true</executable>
         <run_address>0x21a0</run_address>
         <size>0x14</size>
         <alignment>0x2</alignment>
         <input_file_ref idref="fl-22"/>
      </object_component>
      <object_component id="oc-e3">
         <name>.text._ZN5logic10no_commandC2Ev</name>
         <load_address>0x21b4</load_address>
         <readonly>true</readonly>
         <executable>true</executable>
         <run_address>0x21b4</run_address>
         <size>0x14</size>
         <alignment>0x4</alignment>
         <input_file_ref idref="fl-d"/>
      </object_component>
      <object_component id="oc-136">
         <name>.text._ZN5logic12command_baseC2Ev</name>
         <load_address>0x21c8</load_address>
         <readonly>true</readonly>
         <executable>true</executable>
         <run_address>0x21c8</run_address>
         <size>0x14</size>
         <alignment>0x4</alignment>
         <input_file_ref idref="fl-2"/>
      </object_component>
      <object_component id="oc-ee">
         <name>.text._ZN5logic22eject_filament_commandC2ERA2_N7modules14feeding_systemERNS1_18hall_effect_sensorILt30ELt30ELt85EEERNS1_14register_arrayILh40EEE</name>
         <load_address>0x21dc</load_address>
         <readonly>true</readonly>
         <executable>true</executable>
         <run_address>0x21dc</run_address>
         <size>0x14</size>
         <alignment>0x4</alignment>
         <input_file_ref idref="fl-5"/>
      </object_component>
      <object_component id="oc-199">
         <name>.text._ZN5logic19tool_change_command12reset_helperEh</name>
         <load_address>0x21f0</load_address>
         <readonly>true</readonly>
         <executable>true</executable>
         <run_address>0x21f0</run_address>
         <size>0x12</size>
         <alignment>0x2</alignment>
         <input_file_ref idref="fl-11"/>
      </object_component>
      <object_component id="oc-20">
         <name>.text:decompress:none</name>
         <load_address>0x2202</load_address>
         <readonly>true</readonly>
         <executable>true</executable>
         <run_address>0x2202</run_address>
         <size>0x12</size>
         <alignment>0x2</alignment>
         <input_file_ref idref="fl-35"/>
      </object_component>
      <object_component id="oc-57">
         <name>.text._GLOBAL__sub_I_main.cpp</name>
         <load_address>0x2214</load_address>
         <readonly>true</readonly>
         <executable>true</executable>
         <run_address>0x2214</run_address>
         <size>0x10</size>
         <alignment>0x4</alignment>
         <input_file_ref idref="fl-a"/>
      </object_component>
      <object_component id="oc-1d6">
         <name>.text.OUTLINED_FUNCTION_0</name>
         <load_address>0x2224</load_address>
         <readonly>true</readonly>
         <executable>true</executable>
         <run_address>0x2224</run_address>
         <size>0xe</size>
         <alignment>0x2</alignment>
         <input_file_ref idref="fl-a9"/>
      </object_component>
      <object_component id="oc-9f">
         <name>.text._ZN7modules14register_arrayILh40EEC2Ev</name>
         <load_address>0x2232</load_address>
         <readonly>true</readonly>
         <executable>true</executable>
         <run_address>0x2232</run_address>
         <size>0xe</size>
         <alignment>0x2</alignment>
         <input_file_ref idref="fl-10"/>
      </object_component>
      <object_component id="oc-94">
         <name>.text._ZN7modules8dc_motorC2ERN3HAL7pwm_pinERNS1_8gpio_pinES5_S5_</name>
         <load_address>0x2240</load_address>
         <readonly>true</readonly>
         <executable>true</executable>
         <run_address>0x2240</run_address>
         <size>0xe</size>
         <alignment>0x2</alignment>
         <input_file_ref idref="fl-4"/>
      </object_component>
      <object_component id="oc-1c8">
         <name>.text._ZN3HAL7GetTimeEv</name>
         <load_address>0x2250</load_address>
         <readonly>true</readonly>
         <executable>true</executable>
         <run_address>0x2250</run_address>
         <size>0xc</size>
         <alignment>0x4</alignment>
         <input_file_ref idref="fl-7"/>
      </object_component>
      <object_component id="oc-1d4">
         <name>.text._ZN7modules8dc_motor4stopEv</name>
         <load_address>0x225c</load_address>
         <readonly>true</readonly>
         <executable>true</executable>
         <run_address>0x225c</run_address>
         <size>0xc</size>
         <alignment>0x2</alignment>
         <input_file_ref idref="fl-4"/>
      </object_component>
      <object_component id="oc-113">
         <name>.text._ZN7modules8protocol10parse_byteEh</name>
         <load_address>0x2268</load_address>
         <readonly>true</readonly>
         <executable>true</executable>
         <run_address>0x2268</run_address>
         <size>0xc</size>
         <alignment>0x2</alignment>
         <input_file_ref idref="fl-f"/>
      </object_component>
      <object_component id="oc-16f">
         <name>.text._ZN7modules8protocol15encode_responseERKNS_19response_parametersE</name>
         <load_address>0x2274</load_address>
         <readonly>true</readonly>
         <executable>true</executable>
         <run_address>0x2274</run_address>
         <size>0xc</size>
         <alignment>0x2</alignment>
         <input_file_ref idref="fl-f"/>
      </object_component>
      <object_component id="oc-119">
         <name>.text._ZNK7modules8protocol11get_requestEv</name>
         <load_address>0x2280</load_address>
         <readonly>true</readonly>
         <executable>true</executable>
         <run_address>0x2280</run_address>
         <size>0xc</size>
         <alignment>0x2</alignment>
         <input_file_ref idref="fl-f"/>
      </object_component>
      <object_component id="oc-1b0">
         <name>.text.__cxa_pure_virtual</name>
         <load_address>0x228c</load_address>
         <readonly>true</readonly>
         <executable>true</executable>
         <run_address>0x228c</run_address>
         <size>0xc</size>
         <alignment>0x4</alignment>
         <input_file_ref idref="fl-a4"/>
      </object_component>
      <object_component id="oc-111">
         <name>.text._ZN3HAL4UART12is_availableEv</name>
         <load_address>0x2298</load_address>
         <readonly>true</readonly>
         <executable>true</executable>
         <run_address>0x2298</run_address>
         <size>0xa</size>
         <alignment>0x2</alignment>
         <input_file_ref idref="fl-12"/>
      </object_component>
      <object_component id="oc-8c">
         <name>.text._ZN3HAL7pwm_pinC2EP12GPTIMER_Regs17DL_TIMER_CC_INDEX</name>
         <load_address>0x22a2</load_address>
         <readonly>true</readonly>
         <executable>true</executable>
         <run_address>0x22a2</run_address>
         <size>0xa</size>
         <alignment>0x2</alignment>
         <input_file_ref idref="fl-e"/>
      </object_component>
      <object_component id="oc-1bb">
         <name>.text._ZN5logic12command_base11finished_okEv</name>
         <load_address>0x22ac</load_address>
         <readonly>true</readonly>
         <executable>true</executable>
         <run_address>0x22ac</run_address>
         <size>0xa</size>
         <alignment>0x2</alignment>
         <input_file_ref idref="fl-2"/>
      </object_component>
      <object_component id="oc-99">
         <name>.text._ZN7modules14feeding_systemC2ERNS_8dc_motorERNS_18hall_effect_sensorILt200ELt0ELt30EEERNS3_ILt20ELt55ELt150EEE</name>
         <load_address>0x22b6</load_address>
         <readonly>true</readonly>
         <executable>true</executable>
         <run_address>0x22b6</run_address>
         <size>0xa</size>
         <alignment>0x2</alignment>
         <input_file_ref idref="fl-6"/>
      </object_component>
      <object_component id="oc-92">
         <name>.text._ZN3HAL8gpio_pinC2EP9GPIO_Regsj</name>
         <load_address>0x22c0</load_address>
         <readonly>true</readonly>
         <executable>true</executable>
         <run_address>0x22c0</run_address>
         <size>0x8</size>
         <alignment>0x2</alignment>
         <input_file_ref idref="fl-e"/>
      </object_component>
      <object_component id="oc-186">
         <name>.text._ZN5logic10no_commandD0Ev</name>
         <load_address>0x22c8</load_address>
         <readonly>true</readonly>
         <executable>true</executable>
         <run_address>0x22c8</run_address>
         <size>0x8</size>
         <alignment>0x2</alignment>
         <input_file_ref idref="fl-d"/>
      </object_component>
      <object_component id="oc-198">
         <name>.text._ZN5logic19tool_change_commandD0Ev</name>
         <load_address>0x22d0</load_address>
         <readonly>true</readonly>
         <executable>true</executable>
         <run_address>0x22d0</run_address>
         <size>0x8</size>
         <alignment>0x2</alignment>
         <input_file_ref idref="fl-11"/>
      </object_component>
      <object_component id="oc-18c">
         <name>.text._ZN5logic21load_filament_commandD0Ev</name>
         <load_address>0x22d8</load_address>
         <readonly>true</readonly>
         <executable>true</executable>
         <run_address>0x22d8</run_address>
         <size>0x8</size>
         <alignment>0x2</alignment>
         <input_file_ref idref="fl-8"/>
      </object_component>
      <object_component id="oc-18f">
         <name>.text._ZN5logic22eject_filament_commandD0Ev</name>
         <load_address>0x22e0</load_address>
         <readonly>true</readonly>
         <executable>true</executable>
         <run_address>0x22e0</run_address>
         <size>0x8</size>
         <alignment>0x2</alignment>
         <input_file_ref idref="fl-5"/>
      </object_component>
      <object_component id="oc-195">
         <name>.text._ZN5logic22load_to_nozzle_commandD0Ev</name>
         <load_address>0x22e8</load_address>
         <readonly>true</readonly>
         <executable>true</executable>
         <run_address>0x22e8</run_address>
         <size>0x8</size>
         <alignment>0x2</alignment>
         <input_file_ref idref="fl-9"/>
      </object_component>
      <object_component id="oc-192">
         <name>.text._ZN5logic26unload_from_nozzle_commandD0Ev</name>
         <load_address>0x22f0</load_address>
         <readonly>true</readonly>
         <executable>true</executable>
         <run_address>0x22f0</run_address>
         <size>0x8</size>
         <alignment>0x2</alignment>
         <input_file_ref idref="fl-13"/>
      </object_component>
      <object_component id="oc-16c">
         <name>.text._ZN7modules14register_arrayILh40EE4readENS_16register_addressE</name>
         <load_address>0x22f8</load_address>
         <readonly>true</readonly>
         <executable>true</executable>
         <run_address>0x22f8</run_address>
         <size>0x8</size>
         <alignment>0x2</alignment>
         <input_file_ref idref="fl-10"/>
      </object_component>
      <object_component id="oc-16e">
         <name>.text._ZN7modules14register_arrayILh40EE5writeENS_16register_addressEt</name>
         <load_address>0x2300</load_address>
         <readonly>true</readonly>
         <executable>true</executable>
         <run_address>0x2300</run_address>
         <size>0x8</size>
         <alignment>0x2</alignment>
         <input_file_ref idref="fl-10"/>
      </object_component>
      <object_component id="oc-15e">
         <name>.text._ZN7modules17request_crc_stateD0Ev</name>
         <load_address>0x2308</load_address>
         <readonly>true</readonly>
         <executable>true</executable>
         <run_address>0x2308</run_address>
         <size>0x8</size>
         <alignment>0x2</alignment>
         <input_file_ref idref="fl-f"/>
      </object_component>
      <object_component id="oc-156">
         <name>.text._ZN7modules18request_code_stateD0Ev</name>
         <load_address>0x2310</load_address>
         <readonly>true</readonly>
         <executable>true</executable>
         <run_address>0x2310</run_address>
         <size>0x8</size>
         <alignment>0x2</alignment>
         <input_file_ref idref="fl-f"/>
      </object_component>
      <object_component id="oc-160">
         <name>.text._ZN7modules19request_error_stateD0Ev</name>
         <load_address>0x2318</load_address>
         <readonly>true</readonly>
         <executable>true</executable>
         <run_address>0x2318</run_address>
         <size>0x8</size>
         <alignment>0x2</alignment>
         <input_file_ref idref="fl-f"/>
      </object_component>
      <object_component id="oc-158">
         <name>.text._ZN7modules19request_value_stateD0Ev</name>
         <load_address>0x2320</load_address>
         <readonly>true</readonly>
         <executable>true</executable>
         <run_address>0x2320</run_address>
         <size>0x8</size>
         <alignment>0x2</alignment>
         <input_file_ref idref="fl-f"/>
      </object_component>
      <object_component id="oc-15a">
         <name>.text._ZN7modules21request_address_stateD0Ev</name>
         <load_address>0x2328</load_address>
         <readonly>true</readonly>
         <executable>true</executable>
         <run_address>0x2328</run_address>
         <size>0x8</size>
         <alignment>0x2</alignment>
         <input_file_ref idref="fl-f"/>
      </object_component>
      <object_component id="oc-15c">
         <name>.text._ZN7modules25request_write_value_stateD0Ev</name>
         <load_address>0x2330</load_address>
         <readonly>true</readonly>
         <executable>true</executable>
         <run_address>0x2330</run_address>
         <size>0x8</size>
         <alignment>0x2</alignment>
         <input_file_ref idref="fl-f"/>
      </object_component>
      <object_component id="oc-19b">
         <name>.text._ZdlPv</name>
         <load_address>0x2338</load_address>
         <readonly>true</readonly>
         <executable>true</executable>
         <run_address>0x2338</run_address>
         <size>0x8</size>
         <alignment>0x2</alignment>
         <input_file_ref idref="fl-a6"/>
      </object_component>
      <object_component id="oc-40">
         <name>.text.__aeabi_memcpy</name>
         <load_address>0x2340</load_address>
         <readonly>true</readonly>
         <executable>true</executable>
         <run_address>0x2340</run_address>
         <size>0x8</size>
         <alignment>0x4</alignment>
         <input_file_ref idref="fl-ac"/>
      </object_component>
      <object_component id="oc-93">
         <name>.text._ZN3HAL7adc_pinC2EP10ADC12_Regs16DL_ADC12_MEM_IDX</name>
         <load_address>0x2348</load_address>
         <readonly>true</readonly>
         <executable>true</executable>
         <run_address>0x2348</run_address>
         <size>0x6</size>
         <alignment>0x2</alignment>
         <input_file_ref idref="fl-e"/>
      </object_component>
      <object_component id="oc-30">
         <name>.text.Reset_Handler</name>
         <load_address>0x234e</load_address>
         <readonly>true</readonly>
         <executable>true</executable>
         <run_address>0x234e</run_address>
         <size>0x4</size>
         <alignment>0x2</alignment>
         <input_file_ref idref="fl-c"/>
      </object_component>
      <object_component id="oc-187">
         <name>.text._ZN5logic10no_command12reset_helperEh</name>
         <load_address>0x2352</load_address>
         <readonly>true</readonly>
         <executable>true</executable>
         <run_address>0x2352</run_address>
         <size>0x4</size>
         <alignment>0x2</alignment>
         <input_file_ref idref="fl-d"/>
      </object_component>
      <object_component id="oc-188">
         <name>.text._ZN5logic10no_command4stepEv</name>
         <load_address>0x2356</load_address>
         <readonly>true</readonly>
         <executable>true</executable>
         <run_address>0x2356</run_address>
         <size>0x4</size>
         <alignment>0x2</alignment>
         <input_file_ref idref="fl-d"/>
      </object_component>
      <object_component id="oc-1b9">
         <name>.text._ZN7modules14feeding_system21set_filament_positionENS_17filament_positionE</name>
         <load_address>0x235a</load_address>
         <readonly>true</readonly>
         <executable>true</executable>
         <run_address>0x235a</run_address>
         <size>0x4</size>
         <alignment>0x2</alignment>
         <input_file_ref idref="fl-6"/>
      </object_component>
      <object_component id="oc-1ac">
         <name>.text._ZNK5logic12command_base9get_errorEv</name>
         <load_address>0x235e</load_address>
         <readonly>true</readonly>
         <executable>true</executable>
         <run_address>0x235e</run_address>
         <size>0x4</size>
         <alignment>0x2</alignment>
         <input_file_ref idref="fl-2"/>
      </object_component>
      <object_component id="oc-1aa">
         <name>.text._ZNK5logic12command_base9get_stateEv</name>
         <load_address>0x2362</load_address>
         <readonly>true</readonly>
         <executable>true</executable>
         <run_address>0x2362</run_address>
         <size>0x4</size>
         <alignment>0x2</alignment>
         <input_file_ref idref="fl-2"/>
      </object_component>
      <object_component id="oc-65">
         <name>.text._system_pre_init</name>
         <load_address>0x2366</load_address>
         <readonly>true</readonly>
         <executable>true</executable>
         <run_address>0x2366</run_address>
         <size>0x4</size>
         <alignment>0x2</alignment>
         <input_file_ref idref="fl-3d"/>
      </object_component>
      <object_component id="oc-1cc">
         <name>.text.abort_message</name>
         <load_address>0x236a</load_address>
         <readonly>true</readonly>
         <executable>true</executable>
         <run_address>0x236a</run_address>
         <size>0x4</size>
         <alignment>0x2</alignment>
         <input_file_ref idref="fl-a5"/>
      </object_component>
      <object_component id="oc-ab">
         <name>.text:abort</name>
         <load_address>0x236e</load_address>
         <readonly>true</readonly>
         <executable>true</executable>
         <run_address>0x236e</run_address>
         <size>0x4</size>
         <alignment>0x2</alignment>
         <input_file_ref idref="fl-39"/>
      </object_component>
      <object_component id="oc-23b">
         <name>.cinit..data.load</name>
         <load_address>0x2620</load_address>
         <readonly>true</readonly>
         <run_address>0x2620</run_address>
         <size>0xd</size>
         <alignment>0x1</alignment>
      </object_component>
      <object_component id="oc-239">
         <name>__TI_handler_table</name>
         <load_address>0x2630</load_address>
         <readonly>true</readonly>
         <run_address>0x2630</run_address>
         <size>0xc</size>
         <alignment>0x4</alignment>
      </object_component>
      <object_component id="oc-23c">
         <name>.cinit..bss.load</name>
         <load_address>0x263c</load_address>
         <readonly>true</readonly>
         <run_address>0x263c</run_address>
         <size>0x8</size>
         <alignment>0x4</alignment>
      </object_component>
      <object_component id="oc-23a">
         <name>__TI_cinit_table</name>
         <load_address>0x2644</load_address>
         <readonly>true</readonly>
         <run_address>0x2644</run_address>
         <size>0x10</size>
         <alignment>0x4</alignment>
      </object_component>
      <object_component id="oc-1a1">
         <name>.rodata:__aeabi_ctype_table_</name>
         <load_address>0x2380</load_address>
         <readonly>true</readonly>
         <run_address>0x2380</run_address>
         <size>0x101</size>
         <alignment>0x10</alignment>
         <input_file_ref idref="fl-33"/>
      </object_component>
      <object_component id="oc-1d0">
         <name>.rodata.str1.61376846788993650641</name>
         <load_address>0x2481</load_address>
         <readonly>true</readonly>
         <run_address>0x2481</run_address>
         <size>0x1e</size>
         <alignment>0x1</alignment>
         <input_file_ref idref="fl-a4"/>
      </object_component>
      <object_component id="oc-13c">
         <name>.rodata._ZTVN5logic10no_commandE</name>
         <load_address>0x24a0</load_address>
         <readonly>true</readonly>
         <run_address>0x24a0</run_address>
         <size>0x18</size>
         <alignment>0x4</alignment>
         <input_file_ref idref="fl-d"/>
      </object_component>
      <object_component id="oc-182">
         <name>.rodata._ZTVN5logic12command_baseE</name>
         <load_address>0x24b8</load_address>
         <readonly>true</readonly>
         <run_address>0x24b8</run_address>
         <size>0x18</size>
         <alignment>0x4</alignment>
         <input_file_ref idref="fl-2"/>
      </object_component>
      <object_component id="oc-152">
         <name>.rodata._ZTVN5logic19tool_change_commandE</name>
         <load_address>0x24d0</load_address>
         <readonly>true</readonly>
         <run_address>0x24d0</run_address>
         <size>0x18</size>
         <alignment>0x4</alignment>
         <input_file_ref idref="fl-11"/>
      </object_component>
      <object_component id="oc-189">
         <name>.rodata._ZTVN5logic21concrete_command_baseE</name>
         <load_address>0x24e8</load_address>
         <readonly>true</readonly>
         <run_address>0x24e8</run_address>
         <size>0x18</size>
         <alignment>0x4</alignment>
         <input_file_ref idref="fl-3"/>
      </object_component>
      <object_component id="oc-146">
         <name>.rodata._ZTVN5logic21load_filament_commandE</name>
         <load_address>0x2500</load_address>
         <readonly>true</readonly>
         <run_address>0x2500</run_address>
         <size>0x18</size>
         <alignment>0x4</alignment>
         <input_file_ref idref="fl-8"/>
      </object_component>
      <object_component id="oc-149">
         <name>.rodata._ZTVN5logic22eject_filament_commandE</name>
         <load_address>0x2518</load_address>
         <readonly>true</readonly>
         <run_address>0x2518</run_address>
         <size>0x18</size>
         <alignment>0x4</alignment>
         <input_file_ref idref="fl-5"/>
      </object_component>
      <object_component id="oc-14f">
         <name>.rodata._ZTVN5logic22load_to_nozzle_commandE</name>
         <load_address>0x2530</load_address>
         <readonly>true</readonly>
         <run_address>0x2530</run_address>
         <size>0x18</size>
         <alignment>0x4</alignment>
         <input_file_ref idref="fl-9"/>
      </object_component>
      <object_component id="oc-14c">
         <name>.rodata._ZTVN5logic26unload_from_nozzle_commandE</name>
         <load_address>0x2548</load_address>
         <readonly>true</readonly>
         <run_address>0x2548</run_address>
         <size>0x18</size>
         <alignment>0x4</alignment>
         <input_file_ref idref="fl-13"/>
      </object_component>
      <object_component id="oc-10a">
         <name>.rodata._ZTVN7modules17request_crc_stateE</name>
         <load_address>0x2560</load_address>
         <readonly>true</readonly>
         <run_address>0x2560</run_address>
         <size>0x14</size>
         <alignment>0x4</alignment>
         <input_file_ref idref="fl-f"/>
      </object_component>
      <object_component id="oc-106">
         <name>.rodata._ZTVN7modules18request_code_stateE</name>
         <load_address>0x2574</load_address>
         <readonly>true</readonly>
         <run_address>0x2574</run_address>
         <size>0x14</size>
         <alignment>0x4</alignment>
         <input_file_ref idref="fl-f"/>
      </object_component>
      <object_component id="oc-10b">
         <name>.rodata._ZTVN7modules19request_error_stateE</name>
         <load_address>0x2588</load_address>
         <readonly>true</readonly>
         <run_address>0x2588</run_address>
         <size>0x14</size>
         <alignment>0x4</alignment>
         <input_file_ref idref="fl-f"/>
      </object_component>
      <object_component id="oc-107">
         <name>.rodata._ZTVN7modules19request_value_stateE</name>
         <load_address>0x259c</load_address>
         <readonly>true</readonly>
         <run_address>0x259c</run_address>
         <size>0x14</size>
         <alignment>0x4</alignment>
         <input_file_ref idref="fl-f"/>
      </object_component>
      <object_component id="oc-108">
         <name>.rodata._ZTVN7modules21request_address_stateE</name>
         <load_address>0x25b0</load_address>
         <readonly>true</readonly>
         <run_address>0x25b0</run_address>
         <size>0x14</size>
         <alignment>0x4</alignment>
         <input_file_ref idref="fl-f"/>
      </object_component>
      <object_component id="oc-109">
         <name>.rodata._ZTVN7modules25request_write_value_stateE</name>
         <load_address>0x25c4</load_address>
         <readonly>true</readonly>
         <run_address>0x25c4</run_address>
         <size>0x14</size>
         <alignment>0x4</alignment>
         <input_file_ref idref="fl-f"/>
      </object_component>
      <object_component id="oc-10e">
         <name>.rodata._ZTVN7modules22response_read_strategyE</name>
         <load_address>0x25d8</load_address>
         <readonly>true</readonly>
         <run_address>0x25d8</run_address>
         <size>0xc</size>
         <alignment>0x4</alignment>
         <input_file_ref idref="fl-f"/>
      </object_component>
      <object_component id="oc-10d">
         <name>.rodata._ZTVN7modules23response_query_strategyE</name>
         <load_address>0x25e4</load_address>
         <readonly>true</readonly>
         <run_address>0x25e4</run_address>
         <size>0xc</size>
         <alignment>0x4</alignment>
         <input_file_ref idref="fl-f"/>
      </object_component>
      <object_component id="oc-10c">
         <name>.rodata._ZTVN7modules25response_generic_strategyE</name>
         <load_address>0x25f0</load_address>
         <readonly>true</readonly>
         <run_address>0x25f0</run_address>
         <size>0xc</size>
         <alignment>0x4</alignment>
         <input_file_ref idref="fl-f"/>
      </object_component>
      <object_component id="oc-133">
         <name>.rodata.gUART_PRINTERConfig</name>
         <load_address>0x25fc</load_address>
         <readonly>true</readonly>
         <run_address>0x25fc</run_address>
         <size>0xa</size>
         <alignment>0x2</alignment>
         <input_file_ref idref="fl-b"/>
      </object_component>
      <object_component id="oc-132">
         <name>.rodata.gUART_PRINTERClockConfig</name>
         <load_address>0x2606</load_address>
         <readonly>true</readonly>
         <run_address>0x2606</run_address>
         <size>0x2</size>
         <alignment>0x1</alignment>
         <input_file_ref idref="fl-b"/>
      </object_component>
      <object_component id="oc-135">
         <name>.rodata.gADCClockConfig</name>
         <load_address>0x2608</load_address>
         <readonly>true</readonly>
         <run_address>0x2608</run_address>
         <size>0x8</size>
         <alignment>0x4</alignment>
         <input_file_ref idref="fl-b"/>
      </object_component>
      <object_component id="oc-12f">
         <name>.rodata.gPWMConfig</name>
         <load_address>0x2610</load_address>
         <readonly>true</readonly>
         <run_address>0x2610</run_address>
         <size>0x8</size>
         <alignment>0x4</alignment>
         <input_file_ref idref="fl-b"/>
      </object_component>
      <object_component id="oc-12e">
         <name>.rodata.gPWMClockConfig</name>
         <load_address>0x2618</load_address>
         <readonly>true</readonly>
         <run_address>0x2618</run_address>
         <size>0x3</size>
         <alignment>0x1</alignment>
         <input_file_ref idref="fl-b"/>
      </object_component>
      <object_component id="oc-2f">
         <name>.init_array</name>
         <load_address>0x2378</load_address>
         <readonly>true</readonly>
         <run_address>0x2378</run_address>
         <size>0x4</size>
         <alignment>0x4</alignment>
         <input_file_ref idref="fl-a"/>
      </object_component>
      <object_component id="oc-23d">
         <name>SHT$$INIT_ARRAY$$Limit</name>
         <load_address>0x237c</load_address>
         <readonly>true</readonly>
         <run_address>0x237c</run_address>
         <size>0x0</size>
         <alignment>0x0</alignment>
      </object_component>
      <object_component id="oc-203">
         <name>.binit</name>
         <load_address>0x0</load_address>
         <readonly>true</readonly>
         <run_address>0x0</run_address>
         <size>0x0</size>
         <alignment>0x4</alignment>
      </object_component>
      <object_component id="oc-1db">
         <name>.data._ZN3HAL14current_millisE</name>
         <load_address>0x20200910</load_address>
         <readwrite>true</readwrite>
         <run_address>0x20200910</run_address>
         <size>0x4</size>
         <alignment>0x4</alignment>
         <input_file_ref idref="fl-7"/>
      </object_component>
      <object_component id="oc-79">
         <name>.data._printer_UART</name>
         <load_address>0x20200800</load_address>
         <readwrite>true</readwrite>
         <run_address>0x20200800</run_address>
         <size>0x110</size>
         <alignment>0x2</alignment>
         <input_file_ref idref="fl-a"/>
      </object_component>
      <object_component id="oc-11d">
         <name>.data._lock</name>
         <load_address>0x20200914</load_address>
         <readwrite>true</readwrite>
         <run_address>0x20200914</run_address>
         <size>0x4</size>
         <alignment>0x4</alignment>
         <input_file_ref idref="fl-3a"/>
      </object_component>
      <object_component id="oc-120">
         <name>.data._unlock</name>
         <load_address>0x20200918</load_address>
         <readwrite>true</readwrite>
         <run_address>0x20200918</run_address>
         <size>0x4</size>
         <alignment>0x4</alignment>
         <input_file_ref idref="fl-3a"/>
      </object_component>
      <object_component id="oc-1e3">
         <name>.bss.sys_free</name>
         <uninitialized>true</uninitialized>
         <readwrite>true</readwrite>
         <run_address>0x202009d8</run_address>
         <size>0x4</size>
         <alignment>0x4</alignment>
         <input_file_ref idref="fl-a9"/>
      </object_component>
[...]
         <value>0xb65</value>
         <object_component_ref idref="oc-157"/>
      </symbol>
      <symbol id="sm-1d4">
         <name>_ZN7modules19request_value_state10parse_byteEh</name>
         <value>0x18c5</value>
         <object_component_ref idref="oc-159"/>
      </symbol>
      <symbol id="sm-1d5">
         <name>_ZN7modules21request_address_state10parse_byteEh</name>
         <value>0x1911</value>
         <object_component_ref idref="oc-15b"/>
      </symbol>
      <symbol id="sm-1d6">
         <name>_ZN7modules25request_write_value_state10parse_byteEh</name>
         <value>0x195d</value>
         <object_component_ref idref="oc-15d"/>
      </symbol>
      <symbol id="sm-1d7">
         <name>_ZN7modules17request_crc_state10parse_byteEh</name>
         <value>0x16dd</value>
         <object_component_ref idref="oc-15f"/>
      </symbol>
      <symbol id="sm-1d8">
         <name>_ZNK7modules7request12compute_crc8Ev</name>
         <value>0x5b3</value>
         <object_component_ref idref="oc-1a2"/>
      </symbol>
      <symbol id="sm-1d9">
         <name>_ZN7modules19request_error_state10parse_byteEh</name>
         <value>0x20e1</value>
         <object_component_ref idref="oc-161"/>
      </symbol>
      <symbol id="sm-1da">
         <name>_ZNK7modules8response12compute_crc8Ev</name>
         <value>0x951</value>
         <object_component_ref idref="oc-1a3"/>
      </symbol>
      <symbol id="sm-1db">
         <name>_ZN7modules8protocol15encode_responseERKNS_19response_parametersE</name>
         <value>0x2275</value>
         <object_component_ref idref="oc-16f"/>
      </symbol>
      <symbol id="sm-1dc">
         <name>_ZN7modules8protocol10parse_byteEh</name>
         <value>0x2269</value>
         <object_component_ref idref="oc-113"/>
      </symbol>
      <symbol id="sm-1dd">
         <name>_ZNK7modules8protocol11get_requestEv</name>
         <value>0x2281</value>
         <object_component_ref idref="oc-119"/>
      </symbol>
      <symbol id="sm-1de">
         <name>_ZN7modules25response_generic_strategy15encode_responseERKNS_19response_parametersE</name>
         <value>0xfe9</value>
         <object_component_ref idref="oc-162"/>
      </symbol>
      <symbol id="sm-1df">
         <name>_ZN7modules23response_query_strategy15encode_responseERKNS_19response_parametersE</name>
         <value>0x44f</value>
         <object_component_ref idref="oc-163"/>
      </symbol>
      <symbol id="sm-1e0">
         <name>_ZN7modules22response_read_strategy15encode_responseERKNS_19response_parametersE</name>
         <value>0x2e1</value>
         <object_component_ref idref="oc-164"/>
      </symbol>
      <symbol id="sm-1e1">
         <name>_ZN7modules18request_code_stateD0Ev</name>
         <value>0x2311</value>
         <object_component_ref idref="oc-156"/>
      </symbol>
      <symbol id="sm-1e2">
         <name>_ZN7modules21request_address_stateD0Ev</name>
         <value>0x2329</value>
         <object_component_ref idref="oc-15a"/>
      </symbol>
      <symbol id="sm-1e3">
         <name>_ZN7modules19request_value_stateD0Ev</name>
         <value>0x2321</value>
         <object_component_ref idref="oc-158"/>
      </symbol>
      <symbol id="sm-1e4">
         <name>_ZN7modules23request_automaton_stateD2Ev</name>
         <value>0x1683</value>
         <object_component_ref idref="oc-155"/>
      </symbol>
      <symbol id="sm-1e5">
         <name>_ZN7modules25request_write_value_stateD0Ev</name>
         <value>0x2331</value>
         <object_component_ref idref="oc-15c"/>
      </symbol>
      <symbol id="sm-1e6">
         <name>_ZN7modules17request_crc_stateD0Ev</name>
         <value>0x2309</value>
         <object_component_ref idref="oc-15e"/>
      </symbol>
      <symbol id="sm-1e7">
         <name>_ZN7modules19request_error_stateD0Ev</name>
         <value>0x2319</value>
         <object_component_ref idref="oc-160"/>
      </symbol>
      <symbol id="sm-1e8">
         <name>_ZTVN7modules18request_code_stateE</name>
         <value>0x2574</value>
         <object_component_ref idref="oc-106"/>
      </symbol>
      <symbol id="sm-1e9">
         <name>_ZTVN7modules21request_address_stateE</name>
         <value>0x25b0</value>
         <object_component_ref idref="oc-108"/>
      </symbol>
      <symbol id="sm-1ea">
         <name>_ZTVN7modules19request_value_stateE</name>
         <value>0x259c</value>
         <object_component_ref idref="oc-107"/>
      </symbol>
      <symbol id="sm-1eb">
         <name>_ZTVN7modules25request_write_value_stateE</name>
         <value>0x25c4</value>
         <object_component_ref idref="oc-109"/>
      </symbol>
      <symbol id="sm-1ec">
         <name>_ZTVN7modules17request_crc_stateE</name>
         <value>0x2560</value>
         <object_component_ref idref="oc-10a"/>
      </symbol>
      <symbol id="sm-1ed">
         <name>_ZTVN7modules19request_error_stateE</name>
         <value>0x2588</value>
         <object_component_ref idref="oc-10b"/>
      </symbol>
      <symbol id="sm-1ee">
         <name>_ZTVN7modules25response_generic_strategyE</name>
         <value>0x25f0</value>
         <object_component_ref idref="oc-10c"/>
      </symbol>
      <symbol id="sm-1ef">
         <name>_ZTVN7modules23response_query_strategyE</name>
         <value>0x25e4</value>
         <object_component_ref idref="oc-10d"/>
      </symbol>
      <symbol id="sm-1f0">
         <name>_ZTVN7modules22response_read_strategyE</name>
         <value>0x25d8</value>
         <object_component_ref idref="oc-10e"/>
      </symbol>
      <symbol id="sm-1fe">
         <name>_ZN7modules14register_arrayILh40EEC2Ev</name>
         <value>0x2233</value>
         <object_component_ref idref="oc-9f"/>
      </symbol>
      <symbol id="sm-1ff">
         <name>_ZN7modules14register_arrayILh40EE4readENS_16register_addressE</name>
         <value>0x22f9</value>
         <object_component_ref idref="oc-16c"/>
      </symbol>
      <symbol id="sm-200">
         <name>_ZN7modules14register_arrayILh40EE5writeENS_16register_addressEt</name>
         <value>0x2301</value>
         <object_component_ref idref="oc-16e"/>
      </symbol>
      <symbol id="sm-201">
         <name>_ZN7modules14register_arrayILh40EEC1Ev</name>
         <value>0x2233</value>
         <object_component_ref idref="oc-9f"/>
      </symbol>
      <symbol id="sm-212">
         <name>_ZN5logic19tool_change_commandC2ERNS_26unload_from_nozzle_commandERNS_22load_to_nozzle_commandE</name>
         <value>0x204d</value>
         <object_component_ref idref="oc-100"/>
      </symbol>
      <symbol id="sm-213">
         <name>_ZTVN5logic19tool_change_commandE</name>
         <value>0x24d0</value>
         <object_component_ref idref="oc-152"/>
      </symbol>
      <symbol id="sm-214">
         <name>_ZN5logic19tool_change_command12reset_helperEh</name>
         <value>0x21f1</value>
         <object_component_ref idref="oc-199"/>
      </symbol>
      <symbol id="sm-215">
         <name>_ZN5logic19tool_change_command4stepEv</name>
         <value>0x162b</value>
         <object_component_ref idref="oc-19a"/>
      </symbol>
      <symbol id="sm-216">
         <name>_ZN5logic19tool_change_commandD0Ev</name>
         <value>0x22d1</value>
         <object_component_ref idref="oc-198"/>
      </symbol>
      <symbol id="sm-217">
         <name>_ZN5logic19tool_change_commandC1ERNS_26unload_from_nozzle_commandERNS_22load_to_nozzle_commandE</name>
         <value>0x204d</value>
         <object_component_ref idref="oc-100"/>
      </symbol>
      <symbol id="sm-227">
         <name>_ZN3HAL4UARTC2Ev</name>
         <value>0x2009</value>
         <object_component_ref idref="oc-74"/>
      </symbol>
      <symbol id="sm-228">
         <name>_ZN3HAL4UART9read_byteEv</name>
         <value>0x1f99</value>
         <object_component_ref idref="oc-112"/>
      </symbol>
      <symbol id="sm-229">
         <name>_ZN3HAL4UART12is_availableEv</name>
         <value>0x2299</value>
         <object_component_ref idref="oc-111"/>
      </symbol>
      <symbol id="sm-22a">
         <name>_ZN3HAL4UART5writeEPKhh</name>
         <value>0x19f1</value>
         <object_component_ref idref="oc-170"/>
      </symbol>
      <symbol id="sm-22b">
         <name>_ZN3HAL4UARTC1Ev</name>
         <value>0x2009</value>
         <object_component_ref idref="oc-74"/>
      </symbol>
      <symbol id="sm-23d">
         <name>_ZN5logic26unload_from_nozzle_commandC2ERA2_N7modules14feeding_systemERNS1_18hall_effect_sensorILt30ELt30ELt85EEERNS1_14register_arrayILh40EEE</name>
         <value>0x215d</value>
         <object_component_ref idref="oc-f4"/>
      </symbol>
      <symbol id="sm-23e">
         <name>_ZTVN5logic26unload_from_nozzle_commandE</name>
         <value>0x2548</value>
         <object_component_ref idref="oc-14c"/>
      </symbol>
      <symbol id="sm-23f">
         <name>_ZN5logic26unload_from_nozzle_command12reset_helperEh</name>
         <value>0x1d01</value>
         <object_component_ref idref="oc-193"/>
      </symbol>
      <symbol id="sm-240">
         <name>_ZN5logic26unload_from_nozzle_command4stepEv</name>
         <value>0x1185</value>
         <object_component_ref idref="oc-194"/>
      </symbol>
      <symbol id="sm-241">
         <name>_ZN5logic26unload_from_nozzle_commandD0Ev</name>
         <value>0x22f1</value>
         <object_component_ref idref="oc-192"/>
      </symbol>
      <symbol id="sm-242">
         <name>_ZN5logic26unload_from_nozzle_commandC1ERA2_N7modules14feeding_systemERNS1_18hall_effect_sensorILt30ELt30ELt85EEERNS1_14register_arrayILh40EEE</name>
         <value>0x215d</value>
         <object_component_ref idref="oc-f4"/>
      </symbol>
      <symbol id="sm-243">
         <name>__TI_ATRegion0_src_addr</name>
         <value>0x0</value>
      </symbol>
      <symbol id="sm-244">
         <name>__TI_ATRegion0_trg_addr</name>
         <value>0x0</value>
      </symbol>
      <symbol id="sm-245">
         <name>__TI_ATRegion0_region_sz</name>
         <value>0x0</value>
      </symbol>
      <symbol id="sm-246">
         <name>__TI_ATRegion1_src_addr</name>
         <value>0x0</value>
      </symbol>
      <symbol id="sm-247">
         <name>__TI_ATRegion1_trg_addr</name>
         <value>0x0</value>
      </symbol>
      <symbol id="sm-248">
         <name>__TI_ATRegion1_region_sz</name>
         <value>0x0</value>
      </symbol>
      <symbol id="sm-249">
         <name>__TI_ATRegion2_src_addr</name>
         <value>0x0</value>
      </symbol>
      <symbol id="sm-24a">
         <name>__TI_ATRegion2_trg_addr</name>
         <value>0x0</value>
      </symbol>
      <symbol id="sm-24b">
         <name>__TI_ATRegion2_region_sz</name>
         <value>0x0</value>
      </symbol>
      <symbol id="sm-251">
         <name>DL_ADC12_setClockConfig</name>
         <value>0x182d</value>
         <object_component_ref idref="oc-134"/>
      </symbol>
      <symbol id="sm-254">
         <name>DL_Common_delayCycles</name>
         <value>0x21a1</value>
         <object_component_ref idref="oc-128"/>
      </symbol>
      <symbol id="sm-26e">
         <name>DL_Timer_setClockConfig</name>
         <value>0x1ccd</value>
         <object_component_ref idref="oc-129"/>
      </symbol>
      <symbol id="sm-26f">
         <name>DL_Timer_setCaptureCompareValue</name>
         <value>0x1df9</value>
         <object_component_ref idref="oc-12b"/>
      </symbol>
      <symbol id="sm-270">
         <name>DL_Timer_setCaptureCompareCtl</name>
         <value>0x1b45</value>
         <object_component_ref idref="oc-17b"/>
      </symbol>
      <symbol id="sm-271">
         <name>DL_Timer_setCaptureCompareInput</name>
         <value>0x1c99</value>
         <object_component_ref idref="oc-17c"/>
      </symbol>
      <symbol id="sm-272">
         <name>DL_Timer_initPWMMode</name>
         <value>0x841</value>
         <object_component_ref idref="oc-17d"/>
      </symbol>
      <symbol id="sm-273">
         <name>DL_Timer_setCaptureCompareAction</name>
         <value>0x1c65</value>
         <object_component_ref idref="oc-17a"/>
      </symbol>
      <symbol id="sm-274">
         <name>DL_Timer_setCaptureCompareOutCtl</name>
         <value>0x1ac5</value>
         <object_component_ref idref="oc-12c"/>
      </symbol>
      <symbol id="sm-275">
         <name>DL_Timer_setCaptCompUpdateMethod</name>
         <value>0x1c31</value>
         <object_component_ref idref="oc-12d"/>
      </symbol>
      <symbol id="sm-276">
         <name>DL_TimerA_initPWMMode</name>
         <value>0xd45</value>
         <object_component_ref idref="oc-12a"/>
      </symbol>
      <symbol id="sm-280">
         <name>DL_UART_init</name>
         <value>0x1879</value>
         <object_component_ref idref="oc-131"/>
      </symbol>
      <symbol id="sm-281">
         <name>DL_UART_setClockConfig</name>
         <value>0x1fe5</value>
         <object_component_ref idref="oc-130"/>
      </symbol>
      <symbol id="sm-282">
         <name>__aeabi_ctype_table_</name>
         <value>0x2380</value>
         <object_component_ref idref="oc-1a1"/>
      </symbol>
      <symbol id="sm-283">
         <name>__aeabi_ctype_table_C</name>
         <value>0x2380</value>
         <object_component_ref idref="oc-1a1"/>
      </symbol>
      <symbol id="sm-28d">
         <name>__TI_zero_init_nomemset</name>
         <value>0x218b</value>
         <object_component_ref idref="oc-47"/>
      </symbol>
      <symbol id="sm-296">
         <name>__TI_decompress_none</name>
         <value>0x2203</value>
         <object_component_ref idref="oc-20"/>
      </symbol>
      <symbol id="sm-2a1">
         <name>__TI_decompress_lzss</name>
         <value>0x13b9</value>
         <object_component_ref idref="oc-1c"/>
      </symbol>
      <symbol id="sm-2ac">
         <name>_c_int00_noargs</name>
         <value>0x1f71</value>
         <object_component_ref idref="oc-50"/>
      </symbol>
      <symbol id="sm-2ad">
         <name>__stack</name>
         <value>0x20207e00</value>
         <object_component_ref idref="oc-1a"/>
      </symbol>
      <symbol id="sm-2b8">
         <name>abort</name>
         <value>0x236f</value>
         <object_component_ref idref="oc-ab"/>
      </symbol>
      <symbol id="sm-2b9">
         <name>C$$EXIT</name>
         <value>0x236e</value>
         <object_component_ref idref="oc-ab"/>
      </symbol>
      <symbol id="sm-2c2">
         <name>_nop</name>
         <value>0x1d33</value>
         <object_component_ref idref="oc-171"/>
      </symbol>
      <symbol id="sm-2c3">
         <name>_lock</name>
         <value>0x20200914</value>
         <object_component_ref idref="oc-11d"/>
      </symbol>
      <symbol id="sm-2c4">
         <name>_unlock</name>
         <value>0x20200918</value>
         <object_component_ref idref="oc-120"/>
      </symbol>
      <symbol id="sm-2d0">
         <name>__TI_auto_init_nobinit</name>
         <value>0x1789</value>
         <object_component_ref idref="oc-b8"/>
      </symbol>
      <symbol id="sm-2d8">
         <name>_system_pre_init</name>
         <value>0x2367</value>
         <object_component_ref idref="oc-65"/>
      </symbol>
      <symbol id="sm-2e4">
         <name>__cxa_pure_virtual</name>
         <value>0x228d</value>
         <object_component_ref idref="oc-1b0"/>
      </symbol>
      <symbol id="sm-2ed">
         <name>abort_message</name>
         <value>0x236b</value>
         <object_component_ref idref="oc-1cc"/>
      </symbol>
      <symbol id="sm-2f7">
         <name>_ZdlPv</name>
         <value>0x2339</value>
         <object_component_ref idref="oc-19b"/>
      </symbol>
      <symbol id="sm-311">
         <name>free</name>
         <value>0xc59</value>
         <object_component_ref idref="oc-1bd"/>
      </symbol>
      <symbol id="sm-312">
         <name>_sys_memory</name>
         <value>0x20200000</value>
         <object_component_ref idref="oc-1d8"/>
      </symbol>
      <symbol id="sm-318">
         <name>__aeabi_f2uiz</name>
         <value>0x1d35</value>
         <object_component_ref idref="oc-1e8"/>
      </symbol>
      <symbol id="sm-319">
         <name>__fixunssfsi</name>
         <value>0x1d35</value>
         <object_component_ref idref="oc-1e8"/>
      </symbol>
      <symbol id="sm-31f">
         <name>__aeabi_fcmpeq</name>
         <value>0x156d</value>
         <object_component_ref idref="oc-1e4"/>
      </symbol>
      <symbol id="sm-320">
         <name>__aeabi_fcmplt</name>
         <value>0x1581</value>
         <object_component_ref idref="oc-1e4"/>
      </symbol>
      <symbol id="sm-321">
         <name>__aeabi_fcmple</name>
         <value>0x1595</value>
         <object_component_ref idref="oc-1e4"/>
      </symbol>
      <symbol id="sm-322">
         <name>__aeabi_fcmpge</name>
         <value>0x15a9</value>
         <object_component_ref idref="oc-1e4"/>
      </symbol>
      <symbol id="sm-323">
         <name>__aeabi_fcmpgt</name>
         <value>0x15bd</value>
         <object_component_ref idref="oc-1e4"/>
      </symbol>
      <symbol id="sm-329">
         <name>__aeabi_memcpy</name>
         <value>0x2341</value>
         <object_component_ref idref="oc-40"/>
      </symbol>
      <symbol id="sm-32a">
         <name>__aeabi_memcpy4</name>
         <value>0x2341</value>
         <object_component_ref idref="oc-40"/>
      </symbol>
      <symbol id="sm-32b">
         <name>__aeabi_memcpy8</name>
         <value>0x2341</value>
         <object_component_ref idref="oc-40"/>
      </symbol>
      <symbol id="sm-331">
         <name>__aeabi_uidiv</name>
         <value>0x1b05</value>
         <object_component_ref idref="oc-165"/>
      </symbol>
      <symbol id="sm-332">
         <name>__aeabi_uidivmod</name>
         <value>0x1b05</value>
         <object_component_ref idref="oc-165"/>
      </symbol>
      <symbol id="sm-33b">
         <name>__eqsf2</name>
         <value>0x1bbd</value>
         <object_component_ref idref="oc-1ec"/>
      </symbol>
      <symbol id="sm-33c">
         <name>__lesf2</name>
         <value>0x1bbd</value>
         <object_component_ref idref="oc-1ec"/>
      </symbol>
      <symbol id="sm-33d">
         <name>__ltsf2</name>
         <value>0x1bbd</value>
         <object_component_ref idref="oc-1ec"/>
      </symbol>
      <symbol id="sm-33e">
         <name>__nesf2</name>
         <value>0x1bbd</value>
         <object_component_ref idref="oc-1ec"/>
      </symbol>
      <symbol id="sm-33f">
         <name>__cmpsf2</name>
         <value>0x1bbd</value>
         <object_component_ref idref="oc-1ec"/>
      </symbol>
      <symbol id="sm-340">
         <name>__gtsf2</name>
         <value>0x1b81</value>
         <object_component_ref idref="oc-1f1"/>
      </symbol>
      <symbol id="sm-341">
         <name>__gesf2</name>
         <value>0x1b81</value>
         <object_component_ref idref="oc-1f1"/>
      </symbol>
      <symbol id="sm-347">
         <name>__aeabi_f2iz</name>
         <value>0x1bf9</value>
         <object_component_ref idref="oc-1f3"/>
      </symbol>
      <symbol id="sm-348">
         <name>__fixsfsi</name>
         <value>0x1bf9</value>
         <object_component_ref idref="oc-1f3"/>
      </symbol>
      <symbol id="sm-352">
         <name>__aeabi_idiv0</name>
         <value>0x1bf7</value>
         <object_component_ref idref="oc-1a4"/>
      </symbol>
      <symbol id="sm-36b">
         <name>memcpy</name>
         <value>0x1229</value>
         <object_component_ref idref="oc-82"/>
      </symbol>
      <symbol id="sm-36c">
         <name>__TI_static_base__</name>
         <value>0x0</value>
      </symbol>
      <symbol id="sm-36f">
         <name>__mpu_init</name>
         <value>0x0</value>
      </symbol>
      <symbol id="sm-370">
         <name>_system_post_cinit</name>
         <value>0x0</value>
      </symbol>
   </symbol_table>
   <title>Link successful</title>
</link_info>
